2025-10-18 14:40:25,119 - INFO - ============================================================
2025-10-18 14:40:25,120 - INFO - 开始完整周期检测流程（时间步级精度）
2025-10-18 14:40:25,121 - INFO - ============================================================
2025-10-18 14:40:25,130 - INFO - 时间范围过滤：0.1s-180.0s，剩余1800个点
2025-10-18 14:40:25,141 - INFO - 数据加载完成：时间范围[0.10,180.00]s
2025-10-18 14:40:25,488 - INFO - 生成周期掩码完成：共识别2个完整周期
2025-10-18 14:40:25,492 - INFO - 生成数据集完成：4个样本，每个样本长度1024
2025-10-18 14:45:05,897 - INFO - ============================================================
2025-10-18 14:45:05,899 - INFO - 开始完整周期检测流程（时间步级精度）
2025-10-18 14:45:05,899 - INFO - ============================================================
2025-10-18 14:45:05,909 - INFO - 时间范围过滤：0.1s-180.0s，剩余1800个点
2025-10-18 14:45:05,922 - INFO - 数据加载完成：时间范围[0.10,180.00]s
2025-10-18 14:45:06,343 - INFO - 生成周期掩码完成：共识别2个完整周期
2025-10-18 14:45:06,348 - INFO - 生成数据集完成：4个样本，每个样本长度1024
2025-10-18 14:45:08,417 - INFO - 开始训练U-Net模型：使用cpu，样本数4，epochs=30
2025-10-18 14:48:08,335 - INFO - ============================================================
2025-10-18 14:48:08,336 - INFO - 开始完整周期检测流程（时间步级精度）
2025-10-18 14:48:08,337 - INFO - ============================================================
2025-10-18 14:48:08,346 - INFO - 时间范围过滤：0.1s-180.0s，剩余1800个点
2025-10-18 14:48:08,359 - INFO - 数据加载完成：时间范围[0.10,180.00]s
2025-10-18 14:48:08,767 - INFO - 生成周期掩码完成：共识别2个完整周期
2025-10-18 14:48:08,771 - INFO - 生成数据集完成：4个样本，每个样本长度1024
2025-10-18 14:48:10,996 - INFO - 开始训练U-Net模型：使用cpu，样本数4，序列长度1024
2025-10-18 14:48:11,347 - INFO - Epoch 5/30 - 训练损失: 0.6340 - 验证损失: 0.6389 - 验证准确率: 0.8076
2025-10-18 14:48:11,602 - INFO - Epoch 10/30 - 训练损失: 0.6240 - 验证损失: 0.6378 - 验证准确率: 0.7959
2025-10-18 14:48:11,838 - INFO - Epoch 15/30 - 训练损失: 0.6154 - 验证损失: 0.6356 - 验证准确率: 0.7705
2025-10-18 14:48:12,075 - INFO - Epoch 20/30 - 训练损失: 0.6077 - 验证损失: 0.6319 - 验证准确率: 0.7598
2025-10-18 14:48:12,315 - INFO - Epoch 25/30 - 训练损失: 0.6005 - 验证损失: 0.6266 - 验证准确率: 0.7627
2025-10-18 14:48:12,553 - INFO - Epoch 30/30 - 训练损失: 0.5934 - 验证损失: 0.6207 - 验证准确率: 0.7686
2025-10-18 14:48:12,566 - INFO - 模型保存至：cycle_detection_results\2_model\cycle_unet.pth
2025-10-18 14:48:13,555 - INFO - 周期检测完成：共提取0个完整周期
2025-10-18 14:48:13,929 - INFO - ============================================================
2025-10-18 14:48:13,930 - INFO - 周期检测结果汇总：
2025-10-18 14:48:13,930 - INFO - 1. 真实周期数量：2个
2025-10-18 14:48:13,931 - INFO - 2. 检测到的周期数量：0个
2025-10-18 14:48:13,931 - INFO - 3. 关键结果文件：
2025-10-18 14:48:13,931 - INFO -    - 检测到的周期数据：cycle_detection_results\4_extracted_cycles
2025-10-18 14:48:13,932 - INFO -    - 可视化结果：cycle_detection_results\5_visualizations
2025-10-18 14:48:13,932 - INFO -    - 周期位置信息：cycle_detection_results\3_detection_results\detected_cycles.csv
2025-10-18 14:48:13,932 - INFO - ============================================================
2025-10-18 15:02:51,837 - INFO - ============================================================
2025-10-18 15:02:51,838 - INFO - 开始优化版周期检测流程（支持正确/异常波形分类）
2025-10-18 15:02:51,839 - INFO - ============================================================
2025-10-18 15:02:51,856 - ERROR - 未找到时间列或信号列（请确保包含'time'和'current'相关列）
2025-10-18 15:04:44,297 - INFO - ============================================================
2025-10-18 15:04:44,298 - INFO - 开始优化版周期检测流程（支持正确/异常波形分类）
2025-10-18 15:04:44,298 - INFO - ============================================================
2025-10-18 15:04:44,310 - ERROR - 未找到时间列或信号列（请确保包含'time'和'current'相关列）
2025-10-18 15:06:24,500 - INFO - ============================================================
2025-10-18 15:06:24,501 - INFO - 开始优化版周期检测流程（支持正确/异常波形分类）
2025-10-18 15:06:24,501 - INFO - ============================================================
2025-10-18 15:06:24,509 - INFO - 时间范围过滤：0.1s-180.0s，剩余1800个点
2025-10-18 15:06:24,510 - INFO - 估计采样率：10.0 Hz
2025-10-18 15:06:24,522 - INFO - 数据加载完成：时间范围[0.10,180.00]s，共1800个点
2025-10-18 15:06:24,526 - INFO - 通过功率谱估计周期长度范围：45-135（采样点）
2025-10-18 15:06:25,487 - INFO - 生成周期掩码完成：共识别22个完整周期（长度范围45-135）
2025-10-18 15:06:25,501 - INFO - 生成数据集完成：4个样本（含增强），每个样本长度1024
2025-10-18 15:06:25,513 - INFO - 生成数据集完成：16个样本（含增强），每个样本长度1024
2025-10-18 15:06:25,520 - INFO - 生成数据集完成：4个样本（含增强），每个样本长度1024
2025-10-18 15:06:28,056 - INFO - 开始训练模型：使用cpu，训练样本3，验证样本1
2025-10-18 15:07:02,982 - INFO - Epoch 1/50 - 训练损失: 0.6418 - 验证损失: 0.6506 - 验证F1分数: 0.0000
2025-10-18 15:07:38,603 - INFO - Epoch 2/50 - 训练损失: 0.6416 - 验证损失: 0.6506 - 验证F1分数: 0.0000
2025-10-18 15:08:32,215 - INFO - Epoch 3/50 - 训练损失: 0.6414 - 验证损失: 0.6506 - 验证F1分数: 0.0000
2025-10-18 15:09:25,895 - INFO - Epoch 4/50 - 训练损失: 0.6415 - 验证损失: 0.6506 - 验证F1分数: 0.0000
2025-10-18 15:10:05,933 - INFO - Epoch 5/50 - 训练损失: 0.6411 - 验证损失: 0.6506 - 验证F1分数: 0.0000
2025-10-18 15:10:48,827 - INFO - Epoch 6/50 - 训练损失: 0.6410 - 验证损失: 0.6506 - 验证F1分数: 0.0000
2025-10-18 15:11:37,949 - INFO - Epoch 7/50 - 训练损失: 0.6407 - 验证损失: 0.6506 - 验证F1分数: 0.0000
2025-10-18 15:12:05,459 - INFO - Epoch 8/50 - 训练损失: 0.6407 - 验证损失: 0.6506 - 验证F1分数: 0.0000
2025-10-18 15:12:05,460 - INFO - 早停触发（8轮未提升）
2025-10-18 15:17:03,923 - INFO - ============================================================
2025-10-18 15:17:03,924 - INFO - 开始优化版周期检测流程（支持正确/异常波形分类）
2025-10-18 15:17:03,924 - INFO - ============================================================
2025-10-18 15:17:03,935 - INFO - 时间范围过滤：0.1s-180.0s，剩余1800个点
2025-10-18 15:17:03,935 - INFO - 估计采样率：10.0 Hz
2025-10-18 15:17:03,945 - INFO - 数据加载完成：时间范围[0.10,180.00]s，共1800个点
2025-10-18 15:17:03,947 - INFO - 通过功率谱估计周期长度范围：45-135（采样点）
2025-10-18 15:17:04,738 - INFO - 生成周期掩码完成：共识别22个完整周期（长度范围45-135）
2025-10-18 15:17:04,761 - INFO - 生成数据集完成：21个样本（含增强），每个样本长度512
2025-10-18 15:17:04,778 - INFO - 生成数据集完成：42个样本（含增强），每个样本长度512
2025-10-18 15:17:04,792 - INFO - 生成数据集完成：21个样本（含增强），每个样本长度512
2025-10-18 15:17:06,720 - INFO - 开始训练模型：使用cpu，训练样本14，验证样本7
2025-10-18 15:17:34,452 - INFO - Epoch 1/30 - 训练损失: 0.5615 - 验证损失: 0.5745 - 验证F1分数: 0.0027
2025-10-18 15:17:34,457 - INFO - 保存最佳模型（F1: 0.0027）
2025-10-18 15:18:04,247 - INFO - Epoch 2/30 - 训练损失: 0.5614 - 验证损失: 0.5745 - 验证F1分数: 0.0054
2025-10-18 15:18:04,252 - INFO - 保存最佳模型（F1: 0.0054）
2025-10-18 15:18:33,779 - INFO - Epoch 3/30 - 训练损失: 0.5613 - 验证损失: 0.5744 - 验证F1分数: 0.0054
2025-10-18 15:19:21,098 - INFO - Epoch 4/30 - 训练损失: 0.5612 - 验证损失: 0.5744 - 验证F1分数: 0.0063
2025-10-18 15:19:21,107 - INFO - 保存最佳模型（F1: 0.0063）
2025-10-18 15:20:07,396 - INFO - Epoch 5/30 - 训练损失: 0.5611 - 验证损失: 0.5743 - 验证F1分数: 0.0081
2025-10-18 15:20:07,406 - INFO - 保存最佳模型（F1: 0.0081）
2025-10-18 15:21:05,195 - INFO - Epoch 6/30 - 训练损失: 0.5610 - 验证损失: 0.5742 - 验证F1分数: 0.0099
2025-10-18 15:21:05,199 - INFO - 保存最佳模型（F1: 0.0099）
2025-10-18 15:21:39,740 - INFO - Epoch 7/30 - 训练损失: 0.5609 - 验证损失: 0.5742 - 验证F1分数: 0.0126
2025-10-18 15:21:39,760 - INFO - 保存最佳模型（F1: 0.0126）
2025-10-18 15:22:29,744 - INFO - ============================================================
2025-10-18 15:22:29,745 - INFO - 开始优化版周期检测流程（支持正确/异常波形分类）
2025-10-18 15:22:29,745 - INFO - ============================================================
2025-10-18 15:22:29,754 - INFO - 时间范围过滤：60s-130s，剩余701个点
2025-10-18 15:22:29,755 - INFO - 估计采样率：10.0 Hz
2025-10-18 15:22:29,766 - INFO - 数据加载完成：时间范围[60.00,130.00]s，共701个点
2025-10-18 15:22:29,769 - INFO - 通过功率谱估计周期长度范围：17-52（采样点）
2025-10-18 15:22:30,696 - INFO - 生成周期掩码完成：共识别6个完整周期（长度范围17-52）
2025-10-18 15:22:30,712 - INFO - 生成数据集完成：6个样本（含增强），每个样本长度512
2025-10-18 15:22:30,721 - INFO - 生成数据集完成：12个样本（含增强），每个样本长度512
2025-10-18 15:22:30,732 - INFO - 生成数据集完成：6个样本（含增强），每个样本长度512
2025-10-18 15:22:33,079 - INFO - 开始训练模型：使用cpu，训练样本4，验证样本2
2025-10-18 15:23:15,816 - INFO - Epoch 1/30 - 训练损失: 1.1343 - 验证损失: 1.1436 - 验证F1分数: 0.2163
2025-10-18 15:23:15,821 - INFO - 保存最佳模型（F1: 0.2163）
2025-10-18 15:23:46,741 - INFO - Epoch 2/30 - 训练损失: 1.1338 - 验证损失: 1.1429 - 验证F1分数: 0.2179
2025-10-18 15:23:46,744 - INFO - 保存最佳模型（F1: 0.2179）
2025-10-18 15:24:28,635 - INFO - Epoch 3/30 - 训练损失: 1.1333 - 验证损失: 1.1422 - 验证F1分数: 0.2110
2025-10-18 15:25:01,539 - INFO - ============================================================
2025-10-18 15:25:01,540 - INFO - 开始优化版周期检测流程（支持正确/异常波形分类）
2025-10-18 15:25:01,541 - INFO - ============================================================
2025-10-18 15:25:01,557 - INFO - 时间范围过滤：60s-130s，剩余701个点
2025-10-18 15:25:01,558 - INFO - 估计采样率：10.0 Hz
2025-10-18 15:25:01,571 - INFO - 数据加载完成：时间范围[60.00,130.00]s，共701个点
2025-10-18 15:25:01,574 - INFO - 通过功率谱估计周期长度范围：17-52（采样点）
2025-10-18 15:25:02,609 - INFO - 生成周期掩码完成：共识别6个完整周期（长度范围17-52）
2025-10-18 15:25:02,642 - INFO - 生成数据集完成：12个样本（含增强），每个样本长度512
2025-10-18 15:25:02,660 - INFO - 生成数据集完成：24个样本（含增强），每个样本长度512
2025-10-18 15:25:02,677 - INFO - 生成数据集完成：12个样本（含增强），每个样本长度512
2025-10-18 15:25:05,307 - INFO - 开始训练模型：使用cpu，训练样本8，验证样本4
2025-10-18 15:25:49,545 - INFO - Epoch 1/30 - 训练损失: 1.1441 - 验证损失: 1.1067 - 验证F1分数: 0.0677
2025-10-18 15:25:49,553 - INFO - 保存最佳模型（F1: 0.0677）
2025-10-18 15:26:34,569 - INFO - Epoch 2/30 - 训练损失: 1.1438 - 验证损失: 1.1066 - 验证F1分数: 0.0707
2025-10-18 15:26:34,577 - INFO - 保存最佳模型（F1: 0.0707）
2025-10-18 15:27:15,345 - INFO - ============================================================
2025-10-18 15:27:15,346 - INFO - 开始优化版周期检测流程（支持正确/异常波形分类）
2025-10-18 15:27:15,346 - INFO - ============================================================
2025-10-18 15:27:15,385 - INFO - 时间范围过滤：60s-130s，剩余659个点
2025-10-18 15:27:15,386 - INFO - 估计采样率：10.0 Hz
2025-10-18 15:27:15,397 - INFO - 数据加载完成：时间范围[60.00,125.80]s，共659个点
2025-10-18 15:27:15,399 - INFO - 通过功率谱估计周期长度范围：10-0（采样点）
2025-10-18 15:27:16,249 - INFO - 生成周期掩码完成：共识别0个完整周期（长度范围10-0）
2025-10-18 15:27:16,249 - WARNING - 未识别到真实周期，可能需要调整掩码生成参数
2025-10-18 15:27:16,267 - INFO - 生成数据集完成：10个样本（含增强），每个样本长度512
2025-10-18 15:27:16,280 - INFO - 生成数据集完成：20个样本（含增强），每个样本长度512
2025-10-18 15:27:16,293 - INFO - 生成数据集完成：10个样本（含增强），每个样本长度512
2025-10-18 15:27:18,496 - INFO - 开始训练模型：使用cpu，训练样本7，验证样本3
2025-10-18 15:28:01,119 - INFO - Epoch 1/30 - 训练损失: 0.9120 - 验证损失: 0.9151 - 验证F1分数: 0.0000
2025-10-18 15:28:54,694 - INFO - Epoch 2/30 - 训练损失: 0.9103 - 验证损失: 0.9141 - 验证F1分数: 0.0000
2025-10-18 15:29:46,922 - INFO - Epoch 3/30 - 训练损失: 0.9086 - 验证损失: 0.9130 - 验证F1分数: 0.0000
2025-10-18 15:30:29,753 - INFO - Epoch 4/30 - 训练损失: 0.9069 - 验证损失: 0.9119 - 验证F1分数: 0.0000
2025-10-18 15:31:15,666 - INFO - Epoch 5/30 - 训练损失: 0.9052 - 验证损失: 0.9108 - 验证F1分数: 0.0000
2025-10-18 15:31:26,783 - INFO - ============================================================
2025-10-18 15:31:26,783 - INFO - 开始高灵敏度周期检测流程
2025-10-18 15:31:26,783 - INFO - ============================================================
2025-10-18 15:31:26,790 - INFO - 时间范围过滤：60.0s-130.0s，剩余701个点
2025-10-18 15:31:26,790 - INFO - 估计采样率：10.0 Hz
2025-10-18 15:31:26,798 - INFO - 数据加载完成：时间范围[60.00,130.00]s，共701个点
2025-10-18 15:31:26,801 - INFO - 通过功率谱估计周期长度范围：14-49（采样点）
2025-10-18 15:31:27,363 - INFO - 生成周期掩码完成：共识别8个完整周期（长度范围14-49）
2025-10-18 15:31:27,381 - INFO - 生成数据集完成：28个样本（含增强），每个样本长度256
2025-10-18 15:31:27,397 - INFO - 生成数据集完成：84个样本（含增强），每个样本长度256
2025-10-18 15:31:27,412 - INFO - 生成数据集完成：28个样本（含增强），每个样本长度256
2025-10-18 15:31:27,416 - INFO - 正样本占比：0.2197，正样本权重：20.00
2025-10-18 15:31:28,788 - INFO - 开始训练模型：使用cpu，训练样本19，验证样本9
2025-10-18 15:31:28,877 - INFO - Epoch 1/30 - 训练损失: 4.0790 - 验证损失: 4.3061 - 验证F1分数: 0.3608
2025-10-18 15:31:28,880 - INFO - 保存最佳模型（F1: 0.3608）
2025-10-18 15:31:28,960 - INFO - Epoch 2/30 - 训练损失: 4.0798 - 验证损失: 4.3235 - 验证F1分数: 0.3559
2025-10-18 15:31:28,985 - INFO - Epoch 3/30 - 训练损失: 4.0711 - 验证损失: 4.3410 - 验证F1分数: 0.3611
2025-10-18 15:31:28,988 - INFO - 保存最佳模型（F1: 0.3611）
2025-10-18 15:31:29,011 - INFO - Epoch 4/30 - 训练损失: 4.0691 - 验证损失: 4.3607 - 验证F1分数: 0.3567
2025-10-18 15:31:29,052 - INFO - Epoch 5/30 - 训练损失: 4.0654 - 验证损失: 4.3821 - 验证F1分数: 0.3542
2025-10-18 15:31:29,077 - INFO - Epoch 6/30 - 训练损失: 4.0641 - 验证损失: 4.4065 - 验证F1分数: 0.3581
2025-10-18 15:31:29,125 - INFO - Epoch 7/30 - 训练损失: 4.0550 - 验证损失: 4.4306 - 验证F1分数: 0.3502
2025-10-18 15:31:29,160 - INFO - Epoch 8/30 - 训练损失: 4.0568 - 验证损失: 4.4562 - 验证F1分数: 0.3447
2025-10-18 15:31:29,202 - INFO - Epoch 9/30 - 训练损失: 4.0505 - 验证损失: 4.4769 - 验证F1分数: 0.3469
2025-10-18 15:31:29,203 - INFO - 早停触发（6轮未提升）
2025-10-18 15:31:30,009 - INFO - 使用动态阈值：0.49
2025-10-18 15:31:37,656 - INFO - 周期检测分类完成：真实8 | 正确检测1 | 误检9 | 漏检3
2025-10-18 15:31:37,657 - INFO - ============================================================
2025-10-18 15:31:37,657 - INFO - 周期检测结果汇总：
2025-10-18 15:31:37,658 - INFO - 1. 真实周期数量：8个
2025-10-18 15:31:37,658 - INFO - 2. 正确检测数量：1个
2025-10-18 15:31:37,658 - INFO - 3. 误检数量：9个
2025-10-18 15:31:37,658 - INFO - 4. 漏检数量：3个
2025-10-18 15:31:37,658 - INFO - 5. 分类结果保存路径：{'true': 'cycle_detection_results\\4_extracted_cycles\\true_cycles', 'correct': 'cycle_detection_results\\4_extracted_cycles\\correctly_detected', 'false_positive': 'cycle_detection_results\\4_extracted_cycles\\false_positive', 'false_negative': 'cycle_detection_results\\4_extracted_cycles\\false_negative'}
2025-10-18 15:31:37,659 - INFO - 6. 可视化报告路径：cycle_detection_results\5_visualizations
2025-10-18 15:31:37,659 - INFO - ============================================================
2025-10-18 15:32:12,182 - INFO - ============================================================
2025-10-18 15:32:12,183 - INFO - 开始高灵敏度周期检测流程
2025-10-18 15:32:12,184 - INFO - ============================================================
2025-10-18 15:32:12,203 - INFO - 时间范围过滤：60.0s-130.0s，剩余701个点
2025-10-18 15:32:12,205 - INFO - 估计采样率：10.0 Hz
2025-10-18 15:32:12,220 - INFO - 数据加载完成：时间范围[60.00,130.00]s，共701个点
2025-10-18 15:32:12,225 - INFO - 通过功率谱估计周期长度范围：14-49（采样点）
2025-10-18 15:32:14,060 - INFO - 生成周期掩码完成：共识别8个完整周期（长度范围14-49）
2025-10-18 15:32:14,119 - INFO - 生成数据集完成：28个样本（含增强），每个样本长度256
2025-10-18 15:32:14,161 - INFO - 生成数据集完成：84个样本（含增强），每个样本长度256
2025-10-18 15:32:14,206 - INFO - 生成数据集完成：28个样本（含增强），每个样本长度256
2025-10-18 15:32:14,216 - INFO - 正样本占比：0.2197，正样本权重：20.00
2025-10-18 15:32:16,542 - INFO - 开始训练模型：使用cpu，训练样本19，验证样本9
2025-10-18 15:32:16,695 - INFO - Epoch 1/30 - 训练损失: 3.7135 - 验证损失: 3.5976 - 验证F1分数: 0.3644
2025-10-18 15:32:16,699 - INFO - 保存最佳模型（F1: 0.3644）
2025-10-18 15:32:16,798 - INFO - Epoch 2/30 - 训练损失: 3.7391 - 验证损失: 3.6447 - 验证F1分数: 0.3638
2025-10-18 15:32:16,863 - INFO - Epoch 3/30 - 训练损失: 3.7284 - 验证损失: 3.6908 - 验证F1分数: 0.3644
2025-10-18 15:32:16,866 - INFO - 保存最佳模型（F1: 0.3644）
2025-10-18 15:32:16,948 - INFO - Epoch 4/30 - 训练损失: 3.7157 - 验证损失: 3.7388 - 验证F1分数: 0.3604
2025-10-18 15:32:17,025 - INFO - Epoch 5/30 - 训练损失: 3.7077 - 验证损失: 3.7923 - 验证F1分数: 0.3585
2025-10-18 15:32:17,079 - INFO - Epoch 6/30 - 训练损失: 3.7187 - 验证损失: 3.8471 - 验证F1分数: 0.3570
2025-10-18 15:32:17,107 - INFO - Epoch 7/30 - 训练损失: 3.6994 - 验证损失: 3.8975 - 验证F1分数: 0.3546
2025-10-18 15:32:17,153 - INFO - Epoch 8/30 - 训练损失: 3.7019 - 验证损失: 3.9433 - 验证F1分数: 0.3539
2025-10-18 15:32:17,205 - INFO - Epoch 9/30 - 训练损失: 3.6999 - 验证损失: 3.9870 - 验证F1分数: 0.3516
2025-10-18 15:32:17,205 - INFO - 早停触发（6轮未提升）
2025-10-18 15:32:18,451 - INFO - 使用动态阈值：0.48
2025-10-18 15:32:28,141 - INFO - 周期检测分类完成：真实8 | 正确检测3 | 误检5 | 漏检0
2025-10-18 15:32:28,142 - INFO - ============================================================
2025-10-18 15:32:28,143 - INFO - 周期检测结果汇总：
2025-10-18 15:32:28,143 - INFO - 1. 真实周期数量：8个
2025-10-18 15:32:28,143 - INFO - 2. 正确检测数量：3个
2025-10-18 15:32:28,144 - INFO - 3. 误检数量：5个
2025-10-18 15:32:28,144 - INFO - 4. 漏检数量：0个
2025-10-18 15:32:28,145 - INFO - 5. 分类结果保存路径：{'true': 'cycle_detection_results\\4_extracted_cycles\\true_cycles', 'correct': 'cycle_detection_results\\4_extracted_cycles\\correctly_detected', 'false_positive': 'cycle_detection_results\\4_extracted_cycles\\false_positive', 'false_negative': 'cycle_detection_results\\4_extracted_cycles\\false_negative'}
2025-10-18 15:32:28,145 - INFO - 6. 可视化报告路径：cycle_detection_results\5_visualizations
2025-10-18 15:32:28,146 - INFO - ============================================================
2025-10-18 15:36:28,858 - INFO - ============================================================
2025-10-18 15:36:28,859 - INFO - 开始高灵敏度周期检测流程（含原始数据与周期可视化）
2025-10-18 15:36:28,859 - INFO - ============================================================
2025-10-18 15:36:29,631 - INFO - 原始数据图已保存至：cycle_detection_results\5_visualizations\0_raw_data_plot\raw_data_waveform.png
2025-10-18 15:36:29,631 - INFO - 时间范围过滤：60.0s-130.0s，剩余701个点
2025-10-18 15:36:29,631 - INFO - 估计采样率：10.0 Hz
2025-10-18 15:36:29,638 - INFO - 数据加载完成：时间范围[60.00,130.00]s，共701个点
2025-10-18 15:36:29,640 - INFO - 通过功率谱估计周期长度范围：15-30（采样点，滤波后）
2025-10-18 15:36:30,188 - INFO - 生成周期掩码完成：共识别3个完整周期（严格判定后）
2025-10-18 15:36:30,604 - INFO - 周期分割图已保存至：cycle_detection_results\5_visualizations\1_cycle_split_plot\true_cycle_split.png
2025-10-18 15:36:30,626 - INFO - 生成数据集完成：28个样本（含增强），每个样本长度256
2025-10-18 15:36:30,648 - INFO - 生成数据集完成：84个样本（含增强），每个样本长度256
2025-10-18 15:36:30,667 - INFO - 生成数据集完成：28个样本（含增强），每个样本长度256
2025-10-18 15:36:30,674 - INFO - 正样本占比：0.0899，正样本权重：10.13（限制范围5-15）
2025-10-18 15:36:32,258 - INFO - 开始训练模型：使用cpu，训练样本19，验证样本9
2025-10-18 15:36:32,316 - INFO - Epoch 1/30 - 训练损失: 1.3693 - 验证损失: 1.5918 - 验证F1分数: 0.2332（预测阈值0.55）
2025-10-18 15:36:32,320 - INFO - 保存最佳模型（F1: 0.2332）
2025-10-18 15:36:32,351 - INFO - Epoch 2/30 - 训练损失: 1.3684 - 验证损失: 1.6023 - 验证F1分数: 0.2386（预测阈值0.55）
2025-10-18 15:36:32,353 - INFO - 保存最佳模型（F1: 0.2386）
2025-10-18 15:36:32,385 - INFO - Epoch 3/30 - 训练损失: 1.3658 - 验证损失: 1.6123 - 验证F1分数: 0.2402（预测阈值0.55）
2025-10-18 15:36:32,388 - INFO - 保存最佳模型（F1: 0.2402）
2025-10-18 15:36:32,419 - INFO - Epoch 4/30 - 训练损失: 1.3690 - 验证损失: 1.6221 - 验证F1分数: 0.2376（预测阈值0.55）
2025-10-18 15:36:32,453 - INFO - Epoch 5/30 - 训练损失: 1.3685 - 验证损失: 1.6304 - 验证F1分数: 0.2374（预测阈值0.55）
2025-10-18 15:36:32,487 - INFO - Epoch 6/30 - 训练损失: 1.3686 - 验证损失: 1.6367 - 验证F1分数: 0.2388（预测阈值0.55）
2025-10-18 15:36:32,519 - INFO - Epoch 7/30 - 训练损失: 1.3662 - 验证损失: 1.6425 - 验证F1分数: 0.2381（预测阈值0.55）
2025-10-18 15:36:32,551 - INFO - Epoch 8/30 - 训练损失: 1.3667 - 验证损失: 1.6476 - 验证F1分数: 0.2394（预测阈值0.55）
2025-10-18 15:36:32,584 - INFO - Epoch 9/30 - 训练损失: 1.3657 - 验证损失: 1.6517 - 验证F1分数: 0.2391（预测阈值0.55）
2025-10-18 15:36:32,585 - INFO - 早停触发（6轮未提升）
2025-10-18 15:36:33,559 - INFO - 使用动态阈值：0.50（提高阈值减少误检）
2025-10-18 15:36:35,663 - INFO - 检测结果图已保存至：cycle_detection_results\5_visualizations\2_detection_result\overall_detection.png
2025-10-18 15:36:35,664 - INFO - 周期检测分类完成：真实3 | 正确检测0 | 误检0 | 漏检3（严格匹配后）
2025-10-18 15:36:35,664 - INFO - ============================================================
2025-10-18 15:36:35,665 - INFO - 周期检测结果汇总（优化误检后）：
2025-10-18 15:36:35,665 - INFO - 1. 真实周期数量：3个
2025-10-18 15:36:35,665 - INFO - 2. 正确检测数量：0个
2025-10-18 15:36:35,665 - INFO - 3. 误检数量：0个
2025-10-18 15:36:35,665 - INFO - 4. 漏检数量：3个
2025-10-18 15:36:35,666 - INFO - 5. 原始数据图路径：cycle_detection_results\5_visualizations\0_raw_data_plot
2025-10-18 15:36:35,666 - INFO - 6. 周期分割图路径：cycle_detection_results\5_visualizations\1_cycle_split_plot
2025-10-18 15:36:35,666 - INFO - 7. 检测结果图路径：cycle_detection_results\5_visualizations\2_detection_result
2025-10-18 15:36:35,666 - INFO - 8. 周期数据保存路径：{'true': 'cycle_detection_results\\4_extracted_cycles\\true_cycles', 'correct': 'cycle_detection_results\\4_extracted_cycles\\correctly_detected', 'false_positive': 'cycle_detection_results\\4_extracted_cycles\\false_positive', 'false_negative': 'cycle_detection_results\\4_extracted_cycles\\false_negative'}
2025-10-18 15:36:35,666 - INFO - ============================================================
2025-10-18 15:43:25,156 - INFO - ============================================================
2025-10-18 15:43:25,156 - INFO - 开始周期检测流程（修复版）
2025-10-18 15:43:25,157 - INFO - ============================================================
2025-10-18 15:43:25,161 - INFO - 成功读取原始数据：共1800个点，时间范围[0.10,180.00]s
2025-10-18 15:43:25,977 - INFO - 原始数据图已保存：cycle_detection_results\5_visualizations\raw_data.png
2025-10-18 15:43:25,978 - INFO - 估计采样率：10.0 Hz，聚焦区域数据：701个点
2025-10-18 15:43:25,986 - INFO - 聚焦区域数据：701个点，采样率10.0Hz
2025-10-18 15:43:25,990 - INFO - 周期范围估计：10-3采样点（基于10.0Hz）
2025-10-18 15:43:25,992 - INFO - 生成真实周期：0个，正样本占比：0.0000
2025-10-18 15:43:26,389 - INFO - 周期分割图已保存：cycle_detection_results\5_visualizations\cycle_split.png
2025-10-18 15:43:26,391 - ERROR - 流程终止：未识别到真实周期
2025-10-19 01:37:19,695 - INFO - ============================================================
2025-10-19 01:37:19,696 - INFO - 开始周期检测流程（修复版）
2025-10-19 01:37:19,696 - INFO - ============================================================
2025-10-19 01:37:19,701 - INFO - 成功读取原始数据：共1800个点，时间范围[0.10,180.00]s
2025-10-19 01:37:20,392 - INFO - 原始数据图已保存：cycle_detection_results\5_visualizations\raw_data.png
2025-10-19 01:37:20,393 - INFO - 估计采样率：10.0 Hz，聚焦区域数据：701个点
2025-10-19 01:37:20,405 - INFO - 聚焦区域数据：701个点，采样率10.0Hz
2025-10-19 01:37:20,410 - INFO - 周期范围估计：10-3采样点（基于10.0Hz）
2025-10-19 01:37:20,412 - INFO - 生成真实周期：0个，正样本占比：0.0000
2025-10-19 01:37:20,707 - INFO - 周期分割图已保存：cycle_detection_results\5_visualizations\cycle_split.png
2025-10-19 01:37:20,707 - ERROR - 流程终止：未识别到真实周期
2025-10-19 01:42:26,789 - INFO - ============================================================
2025-10-19 01:42:26,789 - INFO - 开始周期检测流程（修复版）
2025-10-19 01:42:26,789 - INFO - ============================================================
2025-10-19 01:42:26,793 - INFO - 成功读取原始数据：1800个点，时间范围[0.10,180.00]s
2025-10-19 01:42:27,416 - INFO - 原始数据图已保存：cycle_detection_results\5_visualizations\raw_data.png
2025-10-19 01:42:27,417 - INFO - 估计采样率：10.0 Hz，聚焦区域数据：701个点
2025-10-19 01:42:27,424 - INFO - 聚焦区域数据：701个点，采样率10.0Hz
2025-10-19 01:42:27,425 - INFO - 滤波后信号：均值0.0051，标准差0.0005
2025-10-19 01:42:27,426 - INFO - 周期范围估计：5-10采样点（基于10.0Hz，估计周期2点）
2025-10-19 01:42:27,427 - INFO - 检测到峰值38个，谷值31个
2025-10-19 01:42:27,679 - INFO - 生成真实周期：7个，正样本占比：0.1255
2025-10-19 01:42:28,104 - INFO - 周期分割图已保存：cycle_detection_results\5_visualizations\cycle_split.png
2025-10-19 01:42:28,105 - INFO - 真实周期：7个，周期长度范围5-10采样点
2025-10-19 01:42:28,105 - INFO - 生成样本数量：36（原始），增强：True
2025-10-19 01:42:28,122 - INFO - 数据集生成完成：72个样本（seq_len=128）
2025-10-19 01:42:28,122 - INFO - 生成样本数量：18（原始），增强：False
2025-10-19 01:42:28,134 - INFO - 数据集生成完成：18个样本（seq_len=128）
2025-10-19 01:42:28,160 - INFO - 训练数据形状：batch_x=torch.Size([2, 1, 128])，batch_y=torch.Size([2, 1, 128])
2025-10-19 01:42:28,161 - INFO - 使用设备：cpu（CPU训练每轮耗时5-10秒）
2025-10-19 01:42:28,168 - INFO - 正样本占比：0.1255，正样本权重：6.97
2025-10-19 01:42:29,686 - INFO - 开始训练：15轮，训练样本50个，验证样本18个
2025-10-19 01:42:29,887 - INFO - Epoch 1/15 - 训练损失: 1.4375 - 验证损失: 1.4137 - 验证F1: 0.2461
2025-10-19 01:42:29,893 - INFO - 保存最佳模型（F1: 0.2461）
2025-10-19 01:42:30,049 - INFO - Epoch 2/15 - 训练损失: 1.4372 - 验证损失: 1.5059 - 验证F1: 0.2475
2025-10-19 01:42:30,052 - INFO - 保存最佳模型（F1: 0.2475）
2025-10-19 01:42:30,176 - INFO - Epoch 3/15 - 训练损失: 1.4368 - 验证损失: 1.5354 - 验证F1: 0.2481
2025-10-19 01:42:30,177 - INFO - 保存最佳模型（F1: 0.2481）
2025-10-19 01:42:30,312 - INFO - Epoch 4/15 - 训练损失: 1.4336 - 验证损失: 1.5273 - 验证F1: 0.2479
2025-10-19 01:42:30,441 - INFO - Epoch 5/15 - 训练损失: 1.4241 - 验证损失: 1.5330 - 验证F1: 0.2482
2025-10-19 01:42:30,443 - INFO - 保存最佳模型（F1: 0.2482）
2025-10-19 01:42:30,566 - INFO - Epoch 6/15 - 训练损失: 1.4270 - 验证损失: 1.5399 - 验证F1: 0.2486
2025-10-19 01:42:30,569 - INFO - 保存最佳模型（F1: 0.2486）
2025-10-19 01:42:30,693 - INFO - Epoch 7/15 - 训练损失: 1.4271 - 验证损失: 1.5345 - 验证F1: 0.2484
2025-10-19 01:42:30,785 - INFO - Epoch 8/15 - 训练损失: 1.4324 - 验证损失: 1.5443 - 验证F1: 0.2480
2025-10-19 01:42:30,874 - INFO - Epoch 9/15 - 训练损失: 1.4278 - 验证损失: 1.5406 - 验证F1: 0.2479
2025-10-19 01:42:30,966 - INFO - Epoch 10/15 - 训练损失: 1.4292 - 验证损失: 1.5281 - 验证F1: 0.2482
2025-10-19 01:42:31,058 - INFO - Epoch 11/15 - 训练损失: 1.4320 - 验证损失: 1.5338 - 验证F1: 0.2486
2025-10-19 01:42:31,144 - INFO - Epoch 12/15 - 训练损失: 1.4345 - 验证损失: 1.5230 - 验证F1: 0.2481
2025-10-19 01:42:31,229 - INFO - Epoch 13/15 - 训练损失: 1.4297 - 验证损失: 1.5204 - 验证F1: 0.2479
2025-10-19 01:42:31,317 - INFO - Epoch 14/15 - 训练损失: 1.4305 - 验证损失: 1.5076 - 验证F1: 0.2476
2025-10-19 01:42:31,410 - INFO - Epoch 15/15 - 训练损失: 1.4213 - 验证损失: 1.5128 - 验证F1: 0.2476
2025-10-19 01:42:31,977 - INFO - 训练曲线已保存：cycle_detection_results\5_visualizations\training_history.png
2025-10-19 01:42:31,978 - INFO - 检测使用设备：cpu
2025-10-19 01:42:31,979 - INFO - 检测滑动窗口：9步，步长64
2025-10-19 01:42:31,996 - INFO - 检测动态阈值：0.40
2025-10-19 01:42:31,998 - INFO - 检测到周期：5个，真实周期：7个
2025-10-19 01:42:32,004 - INFO - 检测结果已保存：cycle_detection_results\3_detection_results\detection_results.csv
2025-10-19 01:42:32,536 - INFO - 检测结果图已保存：cycle_detection_results\5_visualizations\detection_result.png
2025-10-19 01:42:32,536 - INFO - 检测结果：正确2 | 误检3 | 漏检7
2025-10-19 01:42:32,536 - INFO - ============================================================
2025-10-19 01:42:32,536 - INFO - 周期检测最终结果汇总
2025-10-19 01:42:32,537 - INFO - 1. 真实周期数量：7个
2025-10-19 01:42:32,537 - INFO - 2. 正确检测数量：2个
2025-10-19 01:42:32,538 - INFO - 3. 误检数量：3个
2025-10-19 01:42:32,538 - INFO - 4. 漏检数量：7个
2025-10-19 01:42:32,538 - INFO - 5. 检测准确率：40.00%
2025-10-19 01:42:32,538 - INFO - 6. 周期召回率：28.57%
2025-10-19 01:42:32,538 - INFO - ============================================================
2025-10-19 01:55:19,790 - INFO - ============================================================
2025-10-19 01:55:19,791 - INFO - 开始周期检测流程（优化版：解决漏检+正常/异常分类）
2025-10-19 01:55:19,792 - INFO - ============================================================
2025-10-19 01:55:19,795 - INFO - 成功读取原始数据：1800个点，时间范围[0.10,180.00]s
2025-10-19 01:55:20,368 - ERROR - 数据加载失败：[Errno 13] Permission denied: 'D:\\实验2\\程序代码\\Pytorch-NLP\\cycle_detection_results\\5_visualizations\\raw_data.png'
2025-10-19 01:55:20,369 - ERROR - 流程终止：数据加载失败
2025-10-19 01:56:06,027 - INFO - ============================================================
2025-10-19 01:56:06,028 - INFO - 开始周期检测流程（优化版：解决漏检+正常/异常分类）
2025-10-19 01:56:06,028 - INFO - ============================================================
2025-10-19 01:56:06,032 - INFO - 成功读取原始数据：1800个点，时间范围[0.10,180.00]s
2025-10-19 01:56:06,665 - ERROR - 数据加载失败：[Errno 13] Permission denied: 'D:\\实验2\\程序代码\\Pytorch-NLP\\cycle_detection_results\\5_visualizations\\raw_data.png'
2025-10-19 01:56:06,667 - ERROR - 流程终止：数据加载失败
2025-10-19 02:01:53,991 - INFO - ============================================================
2025-10-19 02:01:53,991 - INFO - 开始周期检测流程（修复版）
2025-10-19 02:01:53,992 - INFO - ============================================================
2025-10-19 02:01:53,995 - INFO - 成功读取原始数据：1800个点，时间范围[0.10,180.00]s
2025-10-19 02:01:54,458 - ERROR - 数据加载失败：[Errno 13] Permission denied: 'D:\\实验2\\程序代码\\Pytorch-NLP\\cycle_detection_results\\5_visualizations\\raw_data.png'
2025-10-19 02:01:54,459 - ERROR - 流程终止：数据加载失败
2025-10-19 02:02:04,239 - INFO - ============================================================
2025-10-19 02:02:04,240 - INFO - 开始周期检测流程（修复版）
2025-10-19 02:02:04,240 - INFO - ============================================================
2025-10-19 02:02:04,243 - INFO - 成功读取原始数据：共1800个点，时间范围[0.10,180.00]s
2025-10-19 02:02:04,714 - ERROR - 数据加载失败：[Errno 13] Permission denied: 'D:\\实验2\\程序代码\\Pytorch-NLP\\cycle_detection_results\\5_visualizations\\raw_data.png'
2025-10-19 02:02:04,715 - ERROR - 流程终止：数据加载失败
