2025-10-14 22:58:36,251 - INFO - ============================================================
2025-10-14 22:58:36,252 - INFO - 开始波形主导模式识别流程
2025-10-14 22:58:36,252 - INFO - ============================================================
2025-10-14 22:58:36,270 - INFO - [SUCCESS] 加载数据：501个采样点，时间范围80.00~130.00S
2025-10-14 22:58:37,586 - INFO - [SUCCESS] 周期分割完成：共9个有效周期，已保存到dominant_waveform_results\1_split_cycles
2025-10-14 22:58:37,586 - INFO - [INFO] 开始主导波形识别：9个周期，特征提取维度200
2025-10-14 22:58:37,602 - INFO - [SUCCESS] CNN特征提取完成：shape=(9, 64)，已保存到dominant_waveform_results\2_extracted_features
2025-10-14 22:58:39,305 - INFO - [SUCCESS] 主导波形识别完成！
2025-10-14 22:58:39,305 - INFO -           簇1：6个周期，占比66.67%（主导波形）
2025-10-14 22:58:39,305 - INFO - ============================================================
2025-10-14 22:58:39,321 - INFO - 所有结果已保存到：dominant_waveform_results
2025-10-14 22:58:39,321 - INFO - ============================================================
2025-10-14 23:03:22,569 - INFO - ============================================================
2025-10-14 23:03:22,585 - INFO - 开始波形主导模式识别与正常/异常分类流程
2025-10-14 23:03:22,585 - INFO - ============================================================
2025-10-14 23:03:22,610 - INFO - [SUCCESS] 加载数据：501个采样点，时间范围80.00~130.00S
2025-10-14 23:03:23,756 - INFO - [SUCCESS] 周期分割完成：共9个有效周期，已保存时间范围到dominant_waveform_results\1_split_cycles
2025-10-14 23:03:23,756 - INFO - [INFO] 开始主导波形识别：9个周期，特征提取维度200
2025-10-14 23:03:23,779 - INFO - [SUCCESS] CNN特征提取完成：shape=(9, 64)
2025-10-14 23:03:25,144 - INFO - [SUCCESS] 正常/异常波形存储完成：
2025-10-14 23:03:25,144 - INFO -           正常周期：5个，保存到dominant_waveform_results\4_normal_abnormal\normal
2025-10-14 23:03:25,144 - INFO -           异常周期：4个，保存到dominant_waveform_results\4_normal_abnormal\abnormal
2025-10-14 23:03:26,539 - INFO - [SUCCESS] 总波形标注完成：已保存到dominant_waveform_results\5_visualizations和dominant_waveform_results\4_normal_abnormal
2025-10-14 23:03:26,539 - INFO - ============================================================
2025-10-14 23:03:26,539 - INFO - 流程完成！最终结果汇总：
2025-10-14 23:03:26,539 - INFO - 1. 总周期数：9个
2025-10-14 23:03:26,539 - INFO - 2. 正常周期数：5个（占比55.6%）
2025-10-14 23:03:26,539 - INFO - 3. 异常周期数：4个（占比44.4%）
2025-10-14 23:03:26,539 - INFO - 4. 结果存储路径：
2025-10-14 23:03:26,553 - INFO -    - 正常波形：dominant_waveform_results\4_normal_abnormal\normal
2025-10-14 23:03:26,553 - INFO -    - 异常波形：dominant_waveform_results\4_normal_abnormal\abnormal
2025-10-14 23:03:26,553 - INFO -    - 可视化图表：dominant_waveform_results\5_visualizations
2025-10-14 23:03:26,553 - INFO - ============================================================
2025-10-14 23:07:13,484 - INFO - ============================================================
2025-10-14 23:07:13,484 - INFO - 开始波形正常/异常分类流程（含图表生成）
2025-10-14 23:07:13,484 - INFO - ============================================================
2025-10-14 23:07:13,519 - INFO - [SUCCESS] 加载数据：501个采样点，时间范围80.00~130.00S
2025-10-14 23:07:14,527 - INFO - [SUCCESS] 周期分割完成：共9个有效周期
2025-10-14 23:07:14,528 - INFO - [INFO] 开始主导波形识别：9个周期，特征维度200
2025-10-14 23:07:15,658 - INFO - [INFO] 分类结果：正常9个，异常0个
2025-10-14 23:10:28,749 - INFO - ============================================================
2025-10-14 23:10:28,749 - INFO - 开始波形主导模式识别与正常/异常分类流程
2025-10-14 23:10:28,749 - INFO - ============================================================
2025-10-14 23:10:28,775 - INFO - [SUCCESS] 加载数据：501个采样点，时间范围80.00~130.00S
2025-10-14 23:10:29,691 - INFO - [SUCCESS] 周期分割完成：共9个有效周期，已保存时间范围到dominant_waveform_results\1_split_cycles
2025-10-14 23:10:29,691 - INFO - [INFO] 开始主导波形识别：9个周期，特征提取维度200
2025-10-14 23:10:29,703 - INFO - [SUCCESS] CNN特征提取完成：shape=(9, 64)
2025-10-14 23:10:30,815 - INFO - [SUCCESS] 正常/异常波形存储完成：
2025-10-14 23:10:30,816 - INFO -           正常周期：9个，保存到dominant_waveform_results\4_normal_abnormal\normal
2025-10-14 23:10:30,816 - INFO -           异常周期：0个，保存到dominant_waveform_results\4_normal_abnormal\abnormal
2025-10-14 23:10:30,934 - WARNING - No artists with labels found to put in legend.  Note that artists whose label start with an underscore are ignored when legend() is called with no argument.
2025-10-14 23:10:32,468 - INFO - [SUCCESS] 总波形标注完成：已保存到dominant_waveform_results\5_visualizations和dominant_waveform_results\4_normal_abnormal
2025-10-14 23:10:32,469 - INFO - ============================================================
2025-10-14 23:10:32,469 - INFO - 流程完成！最终结果汇总：
2025-10-14 23:10:32,469 - INFO - 1. 总周期数：9个
2025-10-14 23:10:32,469 - INFO - 2. 正常周期数：9个（占比100.0%）
2025-10-14 23:10:32,469 - INFO - 3. 异常周期数：0个（占比0.0%）
2025-10-14 23:10:32,471 - INFO - 4. 结果存储路径：
2025-10-14 23:10:32,471 - INFO -    - 正常波形：dominant_waveform_results\4_normal_abnormal\normal
2025-10-14 23:10:32,471 - INFO -    - 异常波形：dominant_waveform_results\4_normal_abnormal\abnormal
2025-10-14 23:10:32,471 - INFO -    - 可视化图表：dominant_waveform_results\5_visualizations
2025-10-14 23:10:32,472 - INFO - ============================================================
2025-10-14 23:11:09,912 - INFO - ============================================================
2025-10-14 23:11:09,912 - INFO - 开始波形主导模式识别流程
2025-10-14 23:11:09,912 - INFO - ============================================================
2025-10-14 23:11:09,930 - INFO - [SUCCESS] 加载数据：501个采样点，时间范围80.00~130.00S
2025-10-14 23:11:10,898 - INFO - [SUCCESS] 周期分割完成：共9个有效周期，已保存到dominant_waveform_results\1_split_cycles
2025-10-14 23:11:10,898 - INFO - [INFO] 开始主导波形识别：9个周期，特征提取维度200
2025-10-14 23:11:10,898 - INFO - [SUCCESS] CNN特征提取完成：shape=(9, 64)，已保存到dominant_waveform_results\2_extracted_features
2025-10-14 23:11:12,529 - INFO - [SUCCESS] 主导波形识别完成！
2025-10-14 23:11:12,529 - INFO -           簇1：6个周期，占比66.67%（主导波形）
2025-10-14 23:11:12,529 - INFO - ============================================================
2025-10-14 23:11:12,529 - INFO - 所有结果已保存到：dominant_waveform_results
2025-10-14 23:11:12,529 - INFO - ============================================================
2025-10-14 23:15:19,501 - INFO - ============================================================
2025-10-14 23:15:19,501 - INFO - 开始波形主导模式识别+正常/异常分类流程
2025-10-14 23:15:19,501 - INFO - ============================================================
2025-10-14 23:15:19,529 - INFO - [SUCCESS] 加载数据：501个采样点，时间范围80.00~130.00S
2025-10-14 23:15:38,556 - INFO - ============================================================
2025-10-14 23:15:38,556 - INFO - 开始波形主导模式识别+正常/异常分类流程
2025-10-14 23:15:38,556 - INFO - ============================================================
2025-10-14 23:15:38,595 - INFO - [SUCCESS] 加载数据：501个采样点，时间范围80.00~130.00S
2025-10-14 23:15:38,879 - ERROR - ['plots'] 周期分割失败：'plots'
2025-10-14 23:15:38,881 - ERROR - 流程终止：周期分割失败
2025-10-14 23:18:28,477 - INFO - ============================================================
2025-10-14 23:18:28,477 - INFO - 开始波形主导模式识别+正常/异常分类流程
2025-10-14 23:18:28,477 - INFO - ============================================================
2025-10-14 23:18:28,477 - ERROR - 数据加载失败：[Errno 2] No such file or directory: '内翻-0-1.csv'
2025-10-14 23:18:28,477 - ERROR - 流程终止：数据加载失败
2025-10-14 23:18:56,070 - INFO - ============================================================
2025-10-14 23:18:56,071 - INFO - 开始波形主导模式识别+正常/异常分类流程
2025-10-14 23:18:56,071 - INFO - ============================================================
2025-10-14 23:18:56,093 - INFO - [SUCCESS] 加载数据：501个采样点，时间范围80.00~130.00S
2025-10-14 23:18:57,275 - INFO - [SUCCESS] 周期分割完成：共9个有效周期
2025-10-14 23:18:57,276 - INFO - [INFO] 开始主导波形识别：9个周期，特征提取维度200
2025-10-14 23:18:57,288 - INFO - [SUCCESS] CNN特征提取完成：shape=(9, 64)
2025-10-14 23:18:58,307 - INFO - [INFO] 分类结果：正常周期5个，异常周期4个
2025-10-14 23:19:02,269 - INFO - [SUCCESS] 主导波形识别与正常/异常分类完成！
2025-10-14 23:19:02,759 - INFO - [SUCCESS] 总波形正常/异常标注完成！
2025-10-14 23:19:02,759 - INFO - ============================================================
2025-10-14 23:19:02,759 - INFO - 流程完成！最终结果汇总：
2025-10-14 23:19:02,759 - INFO - 1. 周期统计：
2025-10-14 23:19:02,759 - INFO -    - 总周期数：9个
2025-10-14 23:19:02,759 - INFO -    - 正常周期：5个（55.6%）
2025-10-14 23:19:02,759 - INFO -    - 异常周期：4个（44.4%）
2025-10-14 23:19:02,759 - INFO - 2. 数据文件路径：
2025-10-14 23:19:02,759 - INFO -    - 正常波形数据：dominant_waveform_results\4_normal_abnormal\normal_data
2025-10-14 23:19:02,759 - INFO -    - 异常波形数据：dominant_waveform_results\4_normal_abnormal\abnormal_data
2025-10-14 23:19:02,759 - INFO - 3. 图表文件路径：
2025-10-14 23:19:02,759 - INFO -    - 正常波形图表：dominant_waveform_results\4_normal_abnormal\normal_plots
2025-10-14 23:19:02,759 - INFO -    - 异常波形图表：dominant_waveform_results\4_normal_abnormal\abnormal_plots
2025-10-14 23:19:02,759 - INFO -    - 总波形标注图：dominant_waveform_results\5_total_waveform
2025-10-14 23:19:02,759 - INFO - ============================================================
2025-10-14 23:21:06,162 - INFO - ============================================================
2025-10-14 23:21:06,162 - INFO - 开始波形主导模式识别+正常/异常分类流程
2025-10-14 23:21:06,162 - INFO - ============================================================
2025-10-14 23:21:06,197 - INFO - [SUCCESS] 加载数据：501个采样点，时间范围80.00~130.00S
2025-10-14 23:21:07,041 - INFO - [SUCCESS] 周期分割完成：共9个有效周期
2025-10-14 23:21:07,041 - INFO - [INFO] 开始主导波形识别：9个周期，特征提取维度200
2025-10-14 23:21:07,062 - INFO - [SUCCESS] CNN特征提取完成：shape=(9, 64)
2025-10-14 23:21:08,076 - INFO - [INFO] 分类结果：正常周期5个，异常周期4个
2025-10-14 23:21:13,617 - INFO - [SUCCESS] 主导波形识别与正常/异常分类完成！
2025-10-14 23:21:14,252 - INFO - [SUCCESS] 总波形正常/异常标注完成！
2025-10-14 23:21:14,253 - INFO - ============================================================
2025-10-14 23:21:14,253 - INFO - 流程完成！最终结果汇总：
2025-10-14 23:21:14,254 - INFO - 1. 周期统计：
2025-10-14 23:21:14,254 - INFO -    - 总周期数：9个
2025-10-14 23:21:14,254 - INFO -    - 正常周期：5个（55.6%）
2025-10-14 23:21:14,254 - INFO -    - 异常周期：4个（44.4%）
2025-10-14 23:21:14,254 - INFO - 2. 数据文件路径：
2025-10-14 23:21:14,254 - INFO -    - 正常波形数据：dominant_waveform_results\4_normal_abnormal\normal_data
2025-10-14 23:21:14,256 - INFO -    - 异常波形数据：dominant_waveform_results\4_normal_abnormal\abnormal_data
2025-10-14 23:21:14,256 - INFO - 3. 图表文件路径：
2025-10-14 23:21:14,256 - INFO -    - 正常波形图表：dominant_waveform_results\4_normal_abnormal\normal_plots
2025-10-14 23:21:14,256 - INFO -    - 异常波形图表：dominant_waveform_results\4_normal_abnormal\abnormal_plots
2025-10-14 23:21:14,257 - INFO -    - 总波形标注图：dominant_waveform_results\5_total_waveform
2025-10-14 23:21:14,257 - INFO - ============================================================
2025-10-14 23:26:47,313 - INFO - ============================================================
2025-10-14 23:26:47,313 - INFO - 开始波形主导模式识别+正常/异常分类流程
2025-10-14 23:26:47,313 - INFO - ============================================================
2025-10-14 23:26:47,315 - ERROR - 数据加载失败：[Errno 2] No such file or directory: '内翻-0-1.csv'
2025-10-14 23:26:47,315 - ERROR - 流程终止：数据加载失败
2025-10-14 23:26:59,565 - INFO - ============================================================
2025-10-14 23:26:59,565 - INFO - 开始波形主导模式识别+正常/异常分类流程
2025-10-14 23:26:59,565 - INFO - ============================================================
2025-10-14 23:26:59,595 - INFO - [SUCCESS] 加载数据：501个采样点，时间范围80.00~130.00S
2025-10-14 23:27:02,157 - INFO - [SUCCESS] 周期分割完成：共9个有效周期（基于第一个波峰到第二个波谷）
2025-10-14 23:27:02,159 - INFO - [INFO] 开始主导波形识别：9个周期，特征提取维度200
2025-10-14 23:27:02,175 - INFO - [SUCCESS] CNN特征提取完成：shape=(9, 64)
2025-10-14 23:27:03,408 - INFO - [INFO] 分类结果：正常周期6个，异常周期3个
2025-10-14 23:27:07,897 - INFO - [SUCCESS] 主导波形识别与正常/异常分类完成！
2025-10-14 23:27:08,499 - INFO - [SUCCESS] 总波形正常/异常标注完成！
2025-10-14 23:27:08,499 - INFO - ============================================================
2025-10-14 23:27:08,499 - INFO - 流程完成！最终结果汇总：
2025-10-14 23:27:08,499 - INFO - 1. 周期统计：
2025-10-14 23:27:08,499 - INFO -    - 总周期数：9个
2025-10-14 23:27:08,499 - INFO -    - 正常周期：6个（66.7%）
2025-10-14 23:27:08,499 - INFO -    - 异常周期：3个（33.3%）
2025-10-14 23:27:08,499 - INFO - 2. 数据文件路径：
2025-10-14 23:27:08,499 - INFO -    - 正常波形数据：dominant_waveform_results\4_normal_abnormal\normal_data
2025-10-14 23:27:08,499 - INFO -    - 异常波形数据：dominant_waveform_results\4_normal_abnormal\abnormal_data
2025-10-14 23:27:08,499 - INFO - 3. 图表文件路径：
2025-10-14 23:27:08,499 - INFO -    - 正常波形图表：dominant_waveform_results\4_normal_abnormal\normal_plots
2025-10-14 23:27:08,499 - INFO -    - 异常波形图表：dominant_waveform_results\4_normal_abnormal\abnormal_plots
2025-10-14 23:27:08,499 - INFO -    - 总波形标注图：dominant_waveform_results\5_total_waveform
2025-10-14 23:27:08,499 - INFO - ============================================================
2025-10-14 23:31:22,780 - INFO - ============================================================
2025-10-14 23:31:22,780 - INFO - 开始波形主导模式识别+正常/异常分类流程
2025-10-14 23:31:22,780 - INFO - ============================================================
2025-10-14 23:31:22,817 - INFO - [SUCCESS] 加载数据：459个采样点，时间范围80.00~125.80S
2025-10-14 23:31:23,256 - WARNING - 在第一个波峰后未找到足够的波谷，停止周期分割
2025-10-14 23:31:24,950 - INFO - [SUCCESS] 周期分割完成：共8个有效周期（基于第一个波峰到第二个波谷）
2025-10-14 23:31:24,950 - INFO - [INFO] 开始主导波形识别：8个周期，特征提取维度200
2025-10-14 23:31:24,962 - INFO - [SUCCESS] CNN特征提取完成：shape=(8, 64)
2025-10-14 23:31:25,562 - ERROR - 主导波形识别失败：Number of labels is 8. Valid values are 2 to n_samples - 1 (inclusive)
2025-10-14 23:31:25,562 - ERROR - 流程终止：主导波形识别失败
2025-10-14 23:36:56,104 - INFO - ============================================================
2025-10-14 23:36:56,106 - INFO - 开始波形主导模式识别+正常/异常分类流程
2025-10-14 23:36:56,106 - INFO - ============================================================
2025-10-14 23:36:56,129 - INFO - [SUCCESS] 加载数据：501个采样点，时间范围80.00~130.00S
2025-10-14 23:36:58,123 - INFO - [SUCCESS] 周期分割完成：共9个有效周期（基于第一个波峰到第二个波谷）
2025-10-14 23:36:58,123 - INFO - [SUCCESS] 新增波峰波谷+分割边界图已保存：dominant_waveform_results\6_visualizations\peak_valley_with_split_boundaries.png
2025-10-14 23:36:58,123 - INFO - [INFO] 开始主导波形识别：9个周期，特征提取维度200
2025-10-14 23:36:58,141 - INFO - [SUCCESS] CNN特征提取完成：shape=(9, 64)
2025-10-14 23:36:59,011 - INFO - [INFO] 分类结果：正常周期9个，异常周期0个
2025-10-14 23:37:01,549 - WARNING - [WARNING] 无异常周期可保存
2025-10-14 23:37:02,140 - INFO - [SUCCESS] 主导波形识别与正常/异常分类完成！
2025-10-14 23:37:02,524 - INFO - [SUCCESS] 总波形正常/异常标注完成！
2025-10-14 23:37:02,524 - INFO - ============================================================
2025-10-14 23:37:02,524 - INFO - 流程完成！最终结果汇总：
2025-10-14 23:37:02,524 - INFO - 1. 周期统计：
2025-10-14 23:37:02,524 - INFO -    - 总周期数：9个
2025-10-14 23:37:02,524 - INFO -    - 正常周期：9个（100.0%）
2025-10-14 23:37:02,524 - INFO -    - 异常周期：0个（0.0%）
2025-10-14 23:37:02,524 - INFO - 2. 关键图表路径：
2025-10-14 23:37:02,524 - INFO -    - 波峰波谷+分割边界图：dominant_waveform_results\6_visualizations\peak_valley_with_split_boundaries.png
2025-10-14 23:37:02,524 - INFO -    - 总波形标注图：dominant_waveform_results\5_total_waveform\total_waveform_annotation.png
2025-10-14 23:37:02,524 - INFO -    - 正常/异常汇总图：dominant_waveform_results\4_normal_abnormal\normal_plots\normal_cycles_summary.png / dominant_waveform_results\4_normal_abnormal\abnormal_plots\abnormal_cycles_summary.png
2025-10-14 23:37:02,524 - INFO - ============================================================
2025-10-14 23:39:12,035 - INFO - ============================================================
2025-10-14 23:39:12,035 - INFO - 开始波形主导模式识别+正常/异常分类流程
2025-10-14 23:39:12,035 - INFO - ============================================================
2025-10-14 23:39:12,052 - INFO - [SUCCESS] 加载数据：501个采样点，时间范围80.00~130.00S
2025-10-14 23:39:14,103 - INFO - [SUCCESS] 周期分割完成：共9个有效周期（基于第一个波峰到第二个波谷）
2025-10-14 23:39:14,103 - INFO - [SUCCESS] 新增波峰波谷+分割边界图已保存：dominant_waveform_results\6_visualizations\peak_valley_with_split_boundaries.png
2025-10-14 23:39:14,103 - INFO - [INFO] 开始主导波形识别：9个周期，特征提取维度200
2025-10-14 23:39:14,119 - INFO - [SUCCESS] CNN特征提取完成：shape=(9, 64)
2025-10-14 23:39:14,983 - INFO - [INFO] 分类结果：正常周期9个，异常周期0个
2025-10-14 23:39:17,521 - WARNING - [WARNING] 无异常周期可保存
2025-10-14 23:39:18,139 - INFO - [SUCCESS] 主导波形识别与正常/异常分类完成！
2025-10-14 23:39:18,537 - INFO - [SUCCESS] 总波形正常/异常标注完成！
2025-10-14 23:39:18,537 - INFO - ============================================================
2025-10-14 23:39:18,537 - INFO - 流程完成！最终结果汇总：
2025-10-14 23:39:18,537 - INFO - 1. 周期统计：
2025-10-14 23:39:18,537 - INFO -    - 总周期数：9个
2025-10-14 23:39:18,537 - INFO -    - 正常周期：9个（100.0%）
2025-10-14 23:39:18,537 - INFO -    - 异常周期：0个（0.0%）
2025-10-14 23:39:18,537 - INFO - 2. 关键图表路径：
2025-10-14 23:39:18,537 - INFO -    - 波峰波谷+分割边界图：dominant_waveform_results\6_visualizations\peak_valley_with_split_boundaries.png
2025-10-14 23:39:18,537 - INFO -    - 总波形标注图：dominant_waveform_results\5_total_waveform\total_waveform_annotation.png
2025-10-14 23:39:18,537 - INFO -    - 正常/异常汇总图：dominant_waveform_results\4_normal_abnormal\normal_plots\normal_cycles_summary.png / dominant_waveform_results\4_normal_abnormal\abnormal_plots\abnormal_cycles_summary.png
2025-10-14 23:39:18,537 - INFO - ============================================================
2025-10-14 23:39:35,020 - INFO - ============================================================
2025-10-14 23:39:35,020 - INFO - 开始波形主导模式识别+正常/异常分类流程
2025-10-14 23:39:35,020 - INFO - ============================================================
2025-10-14 23:39:35,044 - INFO - [SUCCESS] 加载数据：459个采样点，时间范围80.00~125.80S
2025-10-14 23:39:35,471 - WARNING - 在第一个波峰后未找到足够的波谷，停止周期分割
2025-10-14 23:39:37,078 - INFO - [SUCCESS] 周期分割完成：共8个有效周期（基于第一个波峰到第二个波谷）
2025-10-14 23:39:37,078 - INFO - [INFO] 开始主导波形识别：8个周期，特征提取维度200
2025-10-14 23:39:37,093 - INFO - [SUCCESS] CNN特征提取完成：shape=(8, 64)
2025-10-14 23:39:37,566 - ERROR - 主导波形识别失败：Number of labels is 8. Valid values are 2 to n_samples - 1 (inclusive)
2025-10-14 23:39:37,566 - ERROR - 流程终止：主导波形识别失败
2025-10-14 23:45:52,037 - INFO - ============================================================
2025-10-14 23:45:52,037 - INFO - 开始波形主导模式识别+正常/异常分类流程
2025-10-14 23:45:52,037 - INFO - ============================================================
2025-10-14 23:45:52,065 - INFO - [SUCCESS] 加载数据：459个采样点，时间范围80.00~125.80S
2025-10-14 23:45:52,546 - INFO - [SUCCESS] 波峰波谷描点图已保存：dominant_waveform_results\6_visualizations\peaks_valleys_marking.png
2025-10-14 23:45:52,546 - WARNING - 在第一个波峰后未找到足够的波谷，停止周期分割
2025-10-14 23:45:54,621 - INFO - [SUCCESS] 周期分割完成：共8个有效周期（基于第一个波峰到第二个波谷）
2025-10-14 23:45:54,621 - INFO - [INFO] 开始主导波形识别：8个周期，特征提取维度200
2025-10-14 23:45:54,635 - INFO - [SUCCESS] CNN特征提取完成：shape=(8, 64)
2025-10-14 23:45:55,342 - ERROR - 主导波形识别失败：Number of labels is 8. Valid values are 2 to n_samples - 1 (inclusive)
2025-10-14 23:45:55,344 - ERROR - 流程终止：主导波形识别失败
2025-10-14 23:46:18,161 - INFO - ============================================================
2025-10-14 23:46:18,161 - INFO - 开始波形主导模式识别+正常/异常分类流程
2025-10-14 23:46:18,161 - INFO - ============================================================
2025-10-14 23:46:18,189 - INFO - [SUCCESS] 加载数据：501个采样点，时间范围80.00~130.00S
2025-10-14 23:46:18,791 - INFO - [SUCCESS] 波峰波谷描点图已保存：dominant_waveform_results\6_visualizations\peaks_valleys_marking.png
2025-10-14 23:46:21,204 - INFO - [SUCCESS] 周期分割完成：共9个有效周期（基于第一个波峰到第二个波谷）
2025-10-14 23:46:21,204 - INFO - [INFO] 开始主导波形识别：9个周期，特征提取维度200
2025-10-14 23:46:21,225 - INFO - [SUCCESS] CNN特征提取完成：shape=(9, 64)
2025-10-14 23:46:22,400 - INFO - [INFO] 分类结果：正常周期9个，异常周期0个
2025-10-14 23:46:25,707 - WARNING - [WARNING] 无异常周期可保存
2025-10-14 23:46:26,393 - INFO - [SUCCESS] 主导波形识别与正常/异常分类完成！
2025-10-14 23:46:26,851 - INFO - [SUCCESS] 总波形正常/异常标注完成！
2025-10-14 23:46:26,851 - INFO - ============================================================
2025-10-14 23:46:26,851 - INFO - 流程完成！最终结果汇总：
2025-10-14 23:46:26,851 - INFO - 1. 周期统计：
2025-10-14 23:46:26,851 - INFO -    - 总周期数：9个
2025-10-14 23:46:26,851 - INFO -    - 正常周期：9个（100.0%）
2025-10-14 23:46:26,851 - INFO -    - 异常周期：0个（0.0%）
2025-10-14 23:46:26,851 - INFO - 2. 关键图表路径：
2025-10-14 23:46:26,851 - INFO -    - 波峰波谷描点图：dominant_waveform_results\6_visualizations\peaks_valleys_marking.png
2025-10-14 23:46:26,851 - INFO -    - 总波形标注图：dominant_waveform_results\5_total_waveform\total_waveform_annotation.png
2025-10-14 23:46:26,851 - INFO - 3. 数据文件路径：
2025-10-14 23:46:26,851 - INFO -    - 正常波形数据：dominant_waveform_results\4_normal_abnormal\normal_data
2025-10-14 23:46:26,851 - INFO -    - 异常波形数据：dominant_waveform_results\4_normal_abnormal\abnormal_data
2025-10-14 23:46:26,851 - INFO - ============================================================
2025-10-14 23:46:47,355 - INFO - ============================================================
2025-10-14 23:46:47,355 - INFO - 开始波形主导模式识别+正常/异常分类流程
2025-10-14 23:46:47,355 - INFO - ============================================================
2025-10-14 23:46:47,380 - INFO - [SUCCESS] 加载数据：1001个采样点，时间范围30.00~130.00S
2025-10-14 23:46:47,847 - INFO - [SUCCESS] 波峰波谷描点图已保存：dominant_waveform_results\6_visualizations\peaks_valleys_marking.png
2025-10-14 23:46:49,584 - INFO - [SUCCESS] 周期分割完成：共16个有效周期（基于第一个波峰到第二个波谷）
2025-10-14 23:46:49,584 - INFO - [INFO] 开始主导波形识别：16个周期，特征提取维度200
2025-10-14 23:46:49,597 - INFO - [SUCCESS] CNN特征提取完成：shape=(16, 64)
2025-10-14 23:46:50,624 - INFO - [INFO] 分类结果：正常周期14个，异常周期2个
2025-10-14 23:46:56,562 - INFO - [SUCCESS] 主导波形识别与正常/异常分类完成！
2025-10-14 23:46:57,091 - INFO - [SUCCESS] 总波形正常/异常标注完成！
2025-10-14 23:46:57,091 - INFO - ============================================================
2025-10-14 23:46:57,091 - INFO - 流程完成！最终结果汇总：
2025-10-14 23:46:57,091 - INFO - 1. 周期统计：
2025-10-14 23:46:57,091 - INFO -    - 总周期数：16个
2025-10-14 23:46:57,091 - INFO -    - 正常周期：14个（87.5%）
2025-10-14 23:46:57,091 - INFO -    - 异常周期：2个（12.5%）
2025-10-14 23:46:57,091 - INFO - 2. 关键图表路径：
2025-10-14 23:46:57,091 - INFO -    - 波峰波谷描点图：dominant_waveform_results\6_visualizations\peaks_valleys_marking.png
2025-10-14 23:46:57,091 - INFO -    - 总波形标注图：dominant_waveform_results\5_total_waveform\total_waveform_annotation.png
2025-10-14 23:46:57,091 - INFO - 3. 数据文件路径：
2025-10-14 23:46:57,091 - INFO -    - 正常波形数据：dominant_waveform_results\4_normal_abnormal\normal_data
2025-10-14 23:46:57,091 - INFO -    - 异常波形数据：dominant_waveform_results\4_normal_abnormal\abnormal_data
2025-10-14 23:46:57,091 - INFO - ============================================================
2025-10-14 23:48:23,608 - INFO - ============================================================
2025-10-14 23:48:23,608 - INFO - 开始波形主导模式识别+正常/异常分类流程
2025-10-14 23:48:23,608 - INFO - ============================================================
2025-10-14 23:48:23,630 - INFO - [SUCCESS] 加载数据：901个采样点，时间范围40.00~130.00S
2025-10-14 23:48:24,053 - INFO - [SUCCESS] 波峰波谷描点图已保存：dominant_waveform_results\6_visualizations\peaks_valleys_marking.png
2025-10-14 23:48:26,403 - INFO - [SUCCESS] 周期分割完成：共15个有效周期（基于第一个波峰到第二个波谷）
2025-10-14 23:48:26,403 - INFO - [INFO] 开始主导波形识别：15个周期，特征提取维度300
2025-10-14 23:48:26,419 - INFO - [SUCCESS] CNN特征提取完成：shape=(15, 64)
2025-10-14 23:48:27,617 - INFO - [INFO] 分类结果：正常周期9个，异常周期6个
2025-10-14 23:48:35,011 - INFO - [SUCCESS] 主导波形识别与正常/异常分类完成！
2025-10-14 23:48:35,750 - INFO - [SUCCESS] 总波形正常/异常标注完成！
2025-10-14 23:48:35,750 - INFO - ============================================================
2025-10-14 23:48:35,750 - INFO - 流程完成！最终结果汇总：
2025-10-14 23:48:35,750 - INFO - 1. 周期统计：
2025-10-14 23:48:35,750 - INFO -    - 总周期数：15个
2025-10-14 23:48:35,750 - INFO -    - 正常周期：9个（60.0%）
2025-10-14 23:48:35,750 - INFO -    - 异常周期：6个（40.0%）
2025-10-14 23:48:35,750 - INFO - 2. 关键图表路径：
2025-10-14 23:48:35,750 - INFO -    - 波峰波谷描点图：dominant_waveform_results\6_visualizations\peaks_valleys_marking.png
2025-10-14 23:48:35,750 - INFO -    - 总波形标注图：dominant_waveform_results\5_total_waveform\total_waveform_annotation.png
2025-10-14 23:48:35,750 - INFO - 3. 数据文件路径：
2025-10-14 23:48:35,750 - INFO -    - 正常波形数据：dominant_waveform_results\4_normal_abnormal\normal_data
2025-10-14 23:48:35,750 - INFO -    - 异常波形数据：dominant_waveform_results\4_normal_abnormal\abnormal_data
2025-10-14 23:48:35,750 - INFO - ============================================================
2025-10-14 23:50:50,443 - INFO - ============================================================
2025-10-14 23:50:50,443 - INFO - 开始波形主导模式识别+正常/异常分类流程
2025-10-14 23:50:50,443 - INFO - ============================================================
2025-10-14 23:50:50,468 - INFO - [SUCCESS] 加载数据：901个采样点，时间范围40.00~130.00S
2025-10-14 23:50:50,874 - INFO - [SUCCESS] 波峰波谷描点图已保存：dominant_waveform_results\6_visualizations\peaks_valleys_marking.png
2025-10-14 23:50:52,393 - INFO - [SUCCESS] 周期分割完成：共15个有效周期（基于第一个波峰到第二个波谷）
2025-10-14 23:50:52,393 - INFO - [INFO] 开始主导波形识别：15个周期，特征提取维度300
2025-10-14 23:50:52,405 - INFO - [SUCCESS] CNN特征提取完成：shape=(15, 64)
2025-10-14 23:50:53,283 - WARNING - [WARNING] 无占比≥0.6的簇，选择占比最高簇为正常（占比0.53）
2025-10-14 23:50:53,283 - INFO - [INFO] 分类结果：正常周期8个，异常周期7个
2025-10-14 23:50:58,046 - INFO - [SUCCESS] 主导波形识别与正常/异常分类完成！
2025-10-14 23:50:58,591 - INFO - [SUCCESS] 总波形正常/异常标注完成！
2025-10-14 23:50:58,591 - INFO - ============================================================
2025-10-14 23:50:58,591 - INFO - 流程完成！最终结果汇总：
2025-10-14 23:50:58,591 - INFO - 1. 周期统计：
2025-10-14 23:50:58,591 - INFO -    - 总周期数：15个
2025-10-14 23:50:58,591 - INFO -    - 正常周期：8个（53.3%）
2025-10-14 23:50:58,591 - INFO -    - 异常周期：7个（46.7%）
2025-10-14 23:50:58,591 - INFO - 2. 关键图表路径：
2025-10-14 23:50:58,591 - INFO -    - 波峰波谷描点图：dominant_waveform_results\6_visualizations\peaks_valleys_marking.png
2025-10-14 23:50:58,591 - INFO -    - 总波形标注图：dominant_waveform_results\5_total_waveform\total_waveform_annotation.png
2025-10-14 23:50:58,591 - INFO - 3. 数据文件路径：
2025-10-14 23:50:58,591 - INFO -    - 正常波形数据：dominant_waveform_results\4_normal_abnormal\normal_data
2025-10-14 23:50:58,591 - INFO -    - 异常波形数据：dominant_waveform_results\4_normal_abnormal\abnormal_data
2025-10-14 23:50:58,591 - INFO - ============================================================
2025-10-14 23:53:46,315 - INFO - ============================================================
2025-10-14 23:53:46,316 - INFO - 开始波形主导模式识别+正常/异常分类流程
2025-10-14 23:53:46,316 - INFO - ============================================================
2025-10-14 23:53:46,332 - INFO - [SUCCESS] 加载数据：901个采样点，时间范围40.00~130.00S
2025-10-14 23:53:46,688 - INFO - [SUCCESS] 波峰波谷描点图已保存：dominant_waveform_results\6_visualizations\peaks_valleys_marking.png
2025-10-14 23:53:48,137 - INFO - [SUCCESS] 周期分割完成：共15个有效周期（基于第一个波峰到第二个波谷）
2025-10-14 23:53:48,137 - INFO - [INFO] 开始主导波形识别：15个周期，特征提取维度300
2025-10-14 23:53:48,152 - INFO - [SUCCESS] CNN特征提取完成：shape=(15, 64)
2025-10-14 23:53:49,012 - WARNING - [WARNING] 无占比≥0.8的簇，选择占比最高簇为正常（占比0.60）
2025-10-14 23:53:49,012 - INFO - [INFO] 分类结果：正常周期9个，异常周期6个
2025-10-14 23:53:53,503 - INFO - [SUCCESS] 主导波形识别与正常/异常分类完成！
2025-10-14 23:53:54,002 - INFO - [SUCCESS] 总波形正常/异常标注完成！
2025-10-14 23:53:54,002 - INFO - ============================================================
2025-10-14 23:53:54,002 - INFO - 流程完成！最终结果汇总：
2025-10-14 23:53:54,002 - INFO - 1. 周期统计：
2025-10-14 23:53:54,002 - INFO -    - 总周期数：15个
2025-10-14 23:53:54,002 - INFO -    - 正常周期：9个（60.0%）
2025-10-14 23:53:54,002 - INFO -    - 异常周期：6个（40.0%）
2025-10-14 23:53:54,002 - INFO - 2. 关键图表路径：
2025-10-14 23:53:54,002 - INFO -    - 波峰波谷描点图：dominant_waveform_results\6_visualizations\peaks_valleys_marking.png
2025-10-14 23:53:54,002 - INFO -    - 总波形标注图：dominant_waveform_results\5_total_waveform\total_waveform_annotation.png
2025-10-14 23:53:54,002 - INFO - 3. 数据文件路径：
2025-10-14 23:53:54,002 - INFO -    - 正常波形数据：dominant_waveform_results\4_normal_abnormal\normal_data
2025-10-14 23:53:54,002 - INFO -    - 异常波形数据：dominant_waveform_results\4_normal_abnormal\abnormal_data
2025-10-14 23:53:54,002 - INFO - ============================================================
2025-10-14 23:54:29,174 - INFO - ============================================================
2025-10-14 23:54:29,176 - INFO - 开始波形主导模式识别+正常/异常分类流程
2025-10-14 23:54:29,176 - INFO - ============================================================
2025-10-14 23:54:29,197 - INFO - [SUCCESS] 加载数据：901个采样点，时间范围40.00~130.00S
2025-10-14 23:54:29,635 - INFO - [SUCCESS] 波峰波谷描点图已保存：dominant_waveform_results\6_visualizations\peaks_valleys_marking.png
2025-10-14 23:54:31,490 - INFO - [SUCCESS] 周期分割完成：共15个有效周期（基于第一个波峰到第二个波谷）
2025-10-14 23:54:31,490 - INFO - [INFO] 开始主导波形识别：15个周期，特征提取维度300
2025-10-14 23:54:31,512 - INFO - [SUCCESS] CNN特征提取完成：shape=(15, 64)
2025-10-14 23:54:32,429 - INFO - [INFO] 分类结果：正常周期15个，异常周期0个
2025-10-14 23:54:36,896 - WARNING - [WARNING] 无异常周期可保存
2025-10-14 23:54:37,674 - INFO - [SUCCESS] 主导波形识别与正常/异常分类完成！
2025-10-14 23:54:38,175 - INFO - [SUCCESS] 总波形正常/异常标注完成！
2025-10-14 23:54:38,175 - INFO - ============================================================
2025-10-14 23:54:38,175 - INFO - 流程完成！最终结果汇总：
2025-10-14 23:54:38,175 - INFO - 1. 周期统计：
2025-10-14 23:54:38,175 - INFO -    - 总周期数：15个
2025-10-14 23:54:38,175 - INFO -    - 正常周期：15个（100.0%）
2025-10-14 23:54:38,175 - INFO -    - 异常周期：0个（0.0%）
2025-10-14 23:54:38,175 - INFO - 2. 关键图表路径：
2025-10-14 23:54:38,175 - INFO -    - 波峰波谷描点图：dominant_waveform_results\6_visualizations\peaks_valleys_marking.png
2025-10-14 23:54:38,175 - INFO -    - 总波形标注图：dominant_waveform_results\5_total_waveform\total_waveform_annotation.png
2025-10-14 23:54:38,175 - INFO - 3. 数据文件路径：
2025-10-14 23:54:38,175 - INFO -    - 正常波形数据：dominant_waveform_results\4_normal_abnormal\normal_data
2025-10-14 23:54:38,175 - INFO -    - 异常波形数据：dominant_waveform_results\4_normal_abnormal\abnormal_data
2025-10-14 23:54:38,175 - INFO - ============================================================
2025-10-14 23:55:24,459 - INFO - ============================================================
2025-10-14 23:55:24,459 - INFO - 开始波形主导模式识别+正常/异常分类流程
2025-10-14 23:55:24,459 - INFO - ============================================================
2025-10-14 23:55:24,479 - INFO - [SUCCESS] 加载数据：901个采样点，时间范围40.00~130.00S
2025-10-14 23:55:24,880 - INFO - [SUCCESS] 波峰波谷描点图已保存：dominant_waveform_results\6_visualizations\peaks_valleys_marking.png
2025-10-14 23:55:26,499 - INFO - [SUCCESS] 周期分割完成：共15个有效周期（基于第一个波峰到第二个波谷）
2025-10-14 23:55:26,499 - INFO - [INFO] 开始主导波形识别：15个周期，特征提取维度200
2025-10-14 23:55:26,517 - INFO - [SUCCESS] CNN特征提取完成：shape=(15, 64)
2025-10-14 23:55:27,311 - WARNING - [WARNING] 无占比≥0.75的簇，选择占比最高簇为正常（占比0.60）
2025-10-14 23:55:27,311 - INFO - [INFO] 分类结果：正常周期9个，异常周期6个
2025-10-14 23:55:31,821 - INFO - [SUCCESS] 主导波形识别与正常/异常分类完成！
2025-10-14 23:55:32,286 - INFO - [SUCCESS] 总波形正常/异常标注完成！
2025-10-14 23:55:32,286 - INFO - ============================================================
2025-10-14 23:55:32,286 - INFO - 流程完成！最终结果汇总：
2025-10-14 23:55:32,286 - INFO - 1. 周期统计：
2025-10-14 23:55:32,286 - INFO -    - 总周期数：15个
2025-10-14 23:55:32,286 - INFO -    - 正常周期：9个（60.0%）
2025-10-14 23:55:32,286 - INFO -    - 异常周期：6个（40.0%）
2025-10-14 23:55:32,286 - INFO - 2. 关键图表路径：
2025-10-14 23:55:32,286 - INFO -    - 波峰波谷描点图：dominant_waveform_results\6_visualizations\peaks_valleys_marking.png
2025-10-14 23:55:32,286 - INFO -    - 总波形标注图：dominant_waveform_results\5_total_waveform\total_waveform_annotation.png
2025-10-14 23:55:32,286 - INFO - 3. 数据文件路径：
2025-10-14 23:55:32,286 - INFO -    - 正常波形数据：dominant_waveform_results\4_normal_abnormal\normal_data
2025-10-14 23:55:32,286 - INFO -    - 异常波形数据：dominant_waveform_results\4_normal_abnormal\abnormal_data
2025-10-14 23:55:32,286 - INFO - ============================================================
2025-10-14 23:56:40,891 - INFO - ============================================================
2025-10-14 23:56:40,891 - INFO - 开始波形主导模式识别+正常/异常分类流程
2025-10-14 23:56:40,891 - INFO - ============================================================
2025-10-14 23:56:40,915 - INFO - [SUCCESS] 加载数据：901个采样点，时间范围40.00~130.00S
2025-10-14 23:56:41,276 - INFO - [SUCCESS] 波峰波谷描点图已保存：dominant_waveform_results\6_visualizations\peaks_valleys_marking.png
2025-10-14 23:56:42,687 - INFO - [SUCCESS] 周期分割完成：共15个有效周期（基于第一个波峰到第二个波谷）
2025-10-14 23:56:42,687 - INFO - [INFO] 开始主导波形识别：15个周期，特征提取维度200
2025-10-14 23:56:42,707 - INFO - [SUCCESS] CNN特征提取完成：shape=(15, 64)
2025-10-14 23:56:43,514 - WARNING - [WARNING] 无占比≥0.5的簇，选择占比最高簇为正常（占比0.47）
2025-10-14 23:56:43,516 - INFO - [INFO] 分类结果：正常周期7个，异常周期8个
2025-10-14 23:56:48,194 - INFO - [SUCCESS] 主导波形识别与正常/异常分类完成！
2025-10-14 23:56:48,656 - INFO - [SUCCESS] 总波形正常/异常标注完成！
2025-10-14 23:56:48,656 - INFO - ============================================================
2025-10-14 23:56:48,656 - INFO - 流程完成！最终结果汇总：
2025-10-14 23:56:48,656 - INFO - 1. 周期统计：
2025-10-14 23:56:48,656 - INFO -    - 总周期数：15个
2025-10-14 23:56:48,656 - INFO -    - 正常周期：7个（46.7%）
2025-10-14 23:56:48,656 - INFO -    - 异常周期：8个（53.3%）
2025-10-14 23:56:48,656 - INFO - 2. 关键图表路径：
2025-10-14 23:56:48,656 - INFO -    - 波峰波谷描点图：dominant_waveform_results\6_visualizations\peaks_valleys_marking.png
2025-10-14 23:56:48,656 - INFO -    - 总波形标注图：dominant_waveform_results\5_total_waveform\total_waveform_annotation.png
2025-10-14 23:56:48,656 - INFO - 3. 数据文件路径：
2025-10-14 23:56:48,656 - INFO -    - 正常波形数据：dominant_waveform_results\4_normal_abnormal\normal_data
2025-10-14 23:56:48,656 - INFO -    - 异常波形数据：dominant_waveform_results\4_normal_abnormal\abnormal_data
2025-10-14 23:56:48,656 - INFO - ============================================================
2025-10-14 23:57:12,966 - INFO - ============================================================
2025-10-14 23:57:12,966 - INFO - 开始波形主导模式识别+正常/异常分类流程
2025-10-14 23:57:12,966 - INFO - ============================================================
2025-10-14 23:57:12,994 - INFO - [SUCCESS] 加载数据：901个采样点，时间范围40.00~130.00S
2025-10-14 23:57:13,362 - INFO - [SUCCESS] 波峰波谷描点图已保存：dominant_waveform_results\6_visualizations\peaks_valleys_marking.png
2025-10-14 23:57:14,768 - INFO - [SUCCESS] 周期分割完成：共15个有效周期（基于第一个波峰到第二个波谷）
2025-10-14 23:57:14,768 - INFO - [INFO] 开始主导波形识别：15个周期，特征提取维度200
2025-10-14 23:57:14,783 - INFO - [SUCCESS] CNN特征提取完成：shape=(15, 64)
2025-10-14 23:57:15,560 - WARNING - [WARNING] 无占比≥0.8的簇，选择占比最高簇为正常（占比0.67）
2025-10-14 23:57:15,560 - INFO - [INFO] 分类结果：正常周期10个，异常周期5个
2025-10-14 23:57:19,960 - INFO - [SUCCESS] 主导波形识别与正常/异常分类完成！
2025-10-14 23:57:20,390 - INFO - [SUCCESS] 总波形正常/异常标注完成！
2025-10-14 23:57:20,390 - INFO - ============================================================
2025-10-14 23:57:20,390 - INFO - 流程完成！最终结果汇总：
2025-10-14 23:57:20,390 - INFO - 1. 周期统计：
2025-10-14 23:57:20,390 - INFO -    - 总周期数：15个
2025-10-14 23:57:20,390 - INFO -    - 正常周期：10个（66.7%）
2025-10-14 23:57:20,390 - INFO -    - 异常周期：5个（33.3%）
2025-10-14 23:57:20,390 - INFO - 2. 关键图表路径：
2025-10-14 23:57:20,390 - INFO -    - 波峰波谷描点图：dominant_waveform_results\6_visualizations\peaks_valleys_marking.png
2025-10-14 23:57:20,390 - INFO -    - 总波形标注图：dominant_waveform_results\5_total_waveform\total_waveform_annotation.png
2025-10-14 23:57:20,390 - INFO - 3. 数据文件路径：
2025-10-14 23:57:20,390 - INFO -    - 正常波形数据：dominant_waveform_results\4_normal_abnormal\normal_data
2025-10-14 23:57:20,390 - INFO -    - 异常波形数据：dominant_waveform_results\4_normal_abnormal\abnormal_data
2025-10-14 23:57:20,390 - INFO - ============================================================
2025-10-14 23:58:15,644 - INFO - ============================================================
2025-10-14 23:58:15,646 - INFO - 开始波形主导模式识别+正常/异常分类流程
2025-10-14 23:58:15,646 - INFO - ============================================================
2025-10-14 23:58:15,660 - INFO - [SUCCESS] 加载数据：601个采样点，时间范围70.00~130.00S
2025-10-14 23:58:16,045 - INFO - [SUCCESS] 波峰波谷描点图已保存：dominant_waveform_results\6_visualizations\peaks_valleys_marking.png
2025-10-14 23:58:17,473 - INFO - [SUCCESS] 周期分割完成：共10个有效周期（基于第一个波峰到第二个波谷）
2025-10-14 23:58:17,473 - INFO - [INFO] 开始主导波形识别：10个周期，特征提取维度200
2025-10-14 23:58:17,484 - INFO - [SUCCESS] CNN特征提取完成：shape=(10, 64)
2025-10-14 23:58:18,274 - WARNING - [WARNING] 无占比≥0.7的簇，选择占比最高簇为正常（占比0.60）
2025-10-14 23:58:18,274 - INFO - [INFO] 分类结果：正常周期6个，异常周期4个
2025-10-14 23:58:21,357 - INFO - [SUCCESS] 主导波形识别与正常/异常分类完成！
2025-10-14 23:58:21,748 - INFO - [SUCCESS] 总波形正常/异常标注完成！
2025-10-14 23:58:21,748 - INFO - ============================================================
2025-10-14 23:58:21,748 - INFO - 流程完成！最终结果汇总：
2025-10-14 23:58:21,748 - INFO - 1. 周期统计：
2025-10-14 23:58:21,748 - INFO -    - 总周期数：10个
2025-10-14 23:58:21,748 - INFO -    - 正常周期：6个（60.0%）
2025-10-14 23:58:21,748 - INFO -    - 异常周期：4个（40.0%）
2025-10-14 23:58:21,748 - INFO - 2. 关键图表路径：
2025-10-14 23:58:21,748 - INFO -    - 波峰波谷描点图：dominant_waveform_results\6_visualizations\peaks_valleys_marking.png
2025-10-14 23:58:21,748 - INFO -    - 总波形标注图：dominant_waveform_results\5_total_waveform\total_waveform_annotation.png
2025-10-14 23:58:21,748 - INFO - 3. 数据文件路径：
2025-10-14 23:58:21,748 - INFO -    - 正常波形数据：dominant_waveform_results\4_normal_abnormal\normal_data
2025-10-14 23:58:21,748 - INFO -    - 异常波形数据：dominant_waveform_results\4_normal_abnormal\abnormal_data
2025-10-14 23:58:21,748 - INFO - ============================================================
2025-10-15 00:03:22,506 - INFO - ============================================================
2025-10-15 00:03:22,506 - INFO - 开始波形主导模式识别+正常/异常分类流程
2025-10-15 00:03:22,506 - INFO - ============================================================
2025-10-15 00:03:22,526 - INFO - [SUCCESS] 加载数据：601个采样点，时间范围70.00~130.00S
2025-10-15 00:03:22,974 - INFO - [SUCCESS] 波峰波谷描点图已保存：dominant_waveform_results\6_visualizations\peaks_valleys_marking.png
2025-10-15 00:03:22,985 - WARNING - 在第一个波峰后未找到足够的波谷，停止周期分割
2025-10-15 00:03:24,607 - INFO - [SUCCESS] 周期分割完成：共21个有效周期（基于第一个波峰到第二个波谷）
2025-10-15 00:03:24,607 - INFO - [INFO] 开始主导波形识别：21个周期，特征提取维度200
2025-10-15 00:03:24,620 - INFO - [SUCCESS] CNN特征提取完成：shape=(21, 64)
2025-10-15 00:03:25,405 - WARNING - [WARNING] 无占比≥0.7的簇，选择占比最高簇为正常（占比0.52）
2025-10-15 00:03:25,405 - INFO - [INFO] 分类结果：正常周期11个，异常周期10个
2025-10-15 00:03:32,090 - INFO - [SUCCESS] 主导波形识别与正常/异常分类完成！
2025-10-15 00:03:32,571 - INFO - [SUCCESS] 总波形正常/异常标注完成！
2025-10-15 00:03:32,571 - INFO - ============================================================
2025-10-15 00:03:32,571 - INFO - 流程完成！最终结果汇总：
2025-10-15 00:03:32,571 - INFO - 1. 周期统计：
2025-10-15 00:03:32,571 - INFO -    - 总周期数：21个
2025-10-15 00:03:32,571 - INFO -    - 正常周期：11个（52.4%）
2025-10-15 00:03:32,571 - INFO -    - 异常周期：10个（47.6%）
2025-10-15 00:03:32,571 - INFO - 2. 关键图表路径：
2025-10-15 00:03:32,571 - INFO -    - 波峰波谷描点图：dominant_waveform_results\6_visualizations\peaks_valleys_marking.png
2025-10-15 00:03:32,571 - INFO -    - 总波形标注图：dominant_waveform_results\5_total_waveform\total_waveform_annotation.png
2025-10-15 00:03:32,571 - INFO - 3. 数据文件路径：
2025-10-15 00:03:32,571 - INFO -    - 正常波形数据：dominant_waveform_results\4_normal_abnormal\normal_data
2025-10-15 00:03:32,571 - INFO -    - 异常波形数据：dominant_waveform_results\4_normal_abnormal\abnormal_data
2025-10-15 00:03:32,571 - INFO - ============================================================
2025-10-15 00:16:49,973 - INFO - ============================================================
2025-10-15 00:16:49,973 - INFO - 开始波形主导模式识别+正常/异常分类流程（融合特征版）
2025-10-15 00:16:49,973 - INFO - ============================================================
2025-10-15 00:16:49,992 - INFO - [SUCCESS] 加载数据：459个采样点，时间范围80.00~125.80S
2025-10-15 00:16:50,377 - WARNING - 未找到足够波谷，停止分割
2025-10-15 00:16:50,398 - INFO - [SUCCESS] 周期分割完成：共8个有效周期
2025-10-15 00:16:50,398 - INFO - [INFO] 开始主导波形识别：8个周期，波形长度200
2025-10-15 00:16:50,401 - INFO - [SUCCESS] 时域物理特征提取完成：8个周期，10个特征
2025-10-15 00:16:50,425 - INFO - [SUCCESS] 融合特征提取完成：shape=(8, 64)（CNN特征+物理特征）
2025-10-15 00:16:51,100 - ERROR - 主导波形识别失败：Number of labels is 8. Valid values are 2 to n_samples - 1 (inclusive)
2025-10-15 00:16:51,100 - ERROR - 流程终止：主导波形识别失败
2025-10-15 00:20:43,655 - INFO - ============================================================
2025-10-15 00:20:43,655 - INFO - 开始波形主导模式识别+正常/异常分类流程（融合特征版）
2025-10-15 00:20:43,655 - INFO - ============================================================
2025-10-15 00:20:43,682 - INFO - [SUCCESS] 加载数据：459个采样点，时间范围80.00~125.80S
2025-10-15 00:20:44,128 - WARNING - 未找到足够波谷，停止分割
2025-10-15 00:20:44,162 - INFO - [SUCCESS] 周期分割完成：共8个有效周期
2025-10-15 00:20:44,162 - INFO - [INFO] 开始主导波形识别：8个周期，波形长度200
2025-10-15 00:20:44,162 - INFO - [INFO] 修正聚类数范围：K ∈ [2, 5]（周期数=8）
2025-10-15 00:20:44,168 - INFO - [SUCCESS] 时域物理特征提取完成：8个周期，10个特征
2025-10-15 00:20:44,176 - INFO - [SUCCESS] 融合特征提取完成：shape=(8, 64)（CNN特征+物理特征）
2025-10-15 00:20:45,334 - INFO - [INFO] 分类结果：正常周期7个，异常周期1个
2025-10-15 00:20:49,175 - INFO - [SUCCESS] 主导波形识别与正常/异常分类完成！（基于融合特征）
2025-10-15 00:20:49,650 - INFO - [SUCCESS] 总波形正常/异常标注完成！
2025-10-15 00:20:49,650 - INFO - ============================================================
2025-10-15 00:20:49,650 - INFO - 流程完成！最终结果汇总：
2025-10-15 00:20:49,650 - INFO - 1. 周期统计：
2025-10-15 00:20:49,650 - INFO -    - 总周期数：8个
2025-10-15 00:20:49,650 - INFO -    - 正常周期：7个（87.5%）
2025-10-15 00:20:49,650 - INFO -    - 异常周期：1个（12.5%）
2025-10-15 00:20:49,650 - INFO - 2. 关键特征文件：
2025-10-15 00:20:49,650 - INFO -    - 物理特征：dominant_waveform_results\2_extracted_features\physical_features.csv
2025-10-15 00:20:49,650 - INFO -    - 融合特征：dominant_waveform_results\2_extracted_features\fused_features.csv
2025-10-15 00:20:49,650 - INFO - 3. 图表路径：
2025-10-15 00:20:49,650 - INFO -    - 波峰波谷图：dominant_waveform_results\6_visualizations\peaks_valleys_marking.png
2025-10-15 00:20:49,650 - INFO -    - 总波形标注图：dominant_waveform_results\5_total_waveform\total_waveform_annotation.png
2025-10-15 00:20:49,650 - INFO - ============================================================
2025-10-15 00:22:36,501 - INFO - ============================================================
2025-10-15 00:22:36,501 - INFO - 开始波形主导模式识别+正常/异常分类流程（融合特征版）
2025-10-15 00:22:36,501 - INFO - ============================================================
2025-10-15 00:22:36,527 - INFO - [SUCCESS] 加载数据：759个采样点，时间范围50.00~125.80S
2025-10-15 00:22:36,911 - WARNING - 未找到足够波谷，停止分割
2025-10-15 00:22:36,927 - INFO - [SUCCESS] 周期分割完成：共13个有效周期
2025-10-15 00:22:36,927 - INFO - [INFO] 开始主导波形识别：13个周期，波形长度200
2025-10-15 00:22:36,943 - INFO - [INFO] 修正聚类数范围：K ∈ [2, 5]（周期数=13）
2025-10-15 00:22:36,950 - INFO - [SUCCESS] 时域物理特征提取完成：13个周期，10个特征
2025-10-15 00:22:36,960 - INFO - [SUCCESS] 融合特征提取完成：shape=(13, 64)（CNN特征+物理特征）
2025-10-15 00:22:37,952 - INFO - [INFO] 分类结果：正常周期7个，异常周期6个
2025-10-15 00:22:43,331 - INFO - [SUCCESS] 主导波形识别与正常/异常分类完成！（基于融合特征）
2025-10-15 00:22:44,015 - INFO - [SUCCESS] 总波形正常/异常标注完成！
2025-10-15 00:22:44,015 - INFO - ============================================================
2025-10-15 00:22:44,015 - INFO - 流程完成！最终结果汇总：
2025-10-15 00:22:44,015 - INFO - 1. 周期统计：
2025-10-15 00:22:44,015 - INFO -    - 总周期数：13个
2025-10-15 00:22:44,015 - INFO -    - 正常周期：7个（53.8%）
2025-10-15 00:22:44,015 - INFO -    - 异常周期：6个（46.2%）
2025-10-15 00:22:44,015 - INFO - 2. 关键特征文件：
2025-10-15 00:22:44,015 - INFO -    - 物理特征：dominant_waveform_results\2_extracted_features\physical_features.csv
2025-10-15 00:22:44,015 - INFO -    - 融合特征：dominant_waveform_results\2_extracted_features\fused_features.csv
2025-10-15 00:22:44,015 - INFO - 3. 图表路径：
2025-10-15 00:22:44,015 - INFO -    - 波峰波谷图：dominant_waveform_results\6_visualizations\peaks_valleys_marking.png
2025-10-15 00:22:44,015 - INFO -    - 总波形标注图：dominant_waveform_results\5_total_waveform\total_waveform_annotation.png
2025-10-15 00:22:44,015 - INFO - ============================================================
2025-10-15 00:24:23,266 - INFO - ============================================================
2025-10-15 00:24:23,266 - INFO - 开始波形主导模式识别+正常/异常分类流程（融合特征版）
2025-10-15 00:24:23,266 - INFO - ============================================================
2025-10-15 00:24:23,295 - INFO - [SUCCESS] 加载数据：759个采样点，时间范围50.00~125.80S
2025-10-15 00:24:23,698 - WARNING - 跳过过短周期（长度9）
2025-10-15 00:24:23,698 - WARNING - 跳过过短周期（长度9）
2025-10-15 00:24:23,698 - WARNING - 跳过过短周期（长度7）
2025-10-15 00:24:23,709 - WARNING - 跳过过短周期（长度9）
2025-10-15 00:24:23,709 - WARNING - 跳过过短周期（长度9）
2025-10-15 00:24:23,711 - WARNING - 跳过过短周期（长度8）
2025-10-15 00:24:23,713 - WARNING - 跳过过短周期（长度7）
2025-10-15 00:24:23,719 - WARNING - 跳过过短周期（长度9）
2025-10-15 00:24:23,725 - WARNING - 跳过过短周期（长度9）
2025-10-15 00:24:23,788 - INFO - [SUCCESS] 周期分割完成：共41个有效周期
2025-10-15 00:24:23,788 - INFO - [INFO] 开始主导波形识别：41个周期，波形长度200
2025-10-15 00:24:23,788 - INFO - [INFO] 修正聚类数范围：K ∈ [2, 5]（周期数=41）
2025-10-15 00:24:23,793 - INFO - [SUCCESS] 时域物理特征提取完成：41个周期，10个特征
2025-10-15 00:24:23,814 - INFO - [SUCCESS] 融合特征提取完成：shape=(41, 64)（CNN特征+物理特征）
2025-10-15 00:24:24,630 - INFO - [INFO] 分类结果：正常周期32个，异常周期9个
2025-10-15 00:24:40,759 - INFO - [SUCCESS] 主导波形识别与正常/异常分类完成！（基于融合特征）
2025-10-15 00:24:41,575 - INFO - [SUCCESS] 总波形正常/异常标注完成！
2025-10-15 00:24:41,575 - INFO - ============================================================
2025-10-15 00:24:41,575 - INFO - 流程完成！最终结果汇总：
2025-10-15 00:24:41,575 - INFO - 1. 周期统计：
2025-10-15 00:24:41,575 - INFO -    - 总周期数：41个
2025-10-15 00:24:41,575 - INFO -    - 正常周期：32个（78.0%）
2025-10-15 00:24:41,575 - INFO -    - 异常周期：9个（22.0%）
2025-10-15 00:24:41,575 - INFO - 2. 关键特征文件：
2025-10-15 00:24:41,575 - INFO -    - 物理特征：dominant_waveform_results\2_extracted_features\physical_features.csv
2025-10-15 00:24:41,575 - INFO -    - 融合特征：dominant_waveform_results\2_extracted_features\fused_features.csv
2025-10-15 00:24:41,575 - INFO - 3. 图表路径：
2025-10-15 00:24:41,583 - INFO -    - 波峰波谷图：dominant_waveform_results\6_visualizations\peaks_valleys_marking.png
2025-10-15 00:24:41,583 - INFO -    - 总波形标注图：dominant_waveform_results\5_total_waveform\total_waveform_annotation.png
2025-10-15 00:24:41,583 - INFO - ============================================================
2025-10-15 00:25:18,408 - INFO - ============================================================
2025-10-15 00:25:18,408 - INFO - 开始波形主导模式识别+正常/异常分类流程（融合特征版）
2025-10-15 00:25:18,408 - INFO - ============================================================
2025-10-15 00:25:18,437 - INFO - [SUCCESS] 加载数据：801个采样点，时间范围50.00~130.00S
2025-10-15 00:25:19,025 - WARNING - 跳过过短周期（长度9）
2025-10-15 00:25:19,041 - WARNING - 跳过过短周期（长度8）
2025-10-15 00:25:19,043 - WARNING - 未找到足够波谷，停止分割
2025-10-15 00:25:19,101 - INFO - [SUCCESS] 周期分割完成：共32个有效周期
2025-10-15 00:25:19,101 - INFO - [INFO] 开始主导波形识别：32个周期，波形长度200
2025-10-15 00:25:19,101 - INFO - [INFO] 修正聚类数范围：K ∈ [2, 5]（周期数=32）
2025-10-15 00:25:19,120 - INFO - [SUCCESS] 时域物理特征提取完成：32个周期，10个特征
2025-10-15 00:25:19,139 - INFO - [SUCCESS] 融合特征提取完成：shape=(32, 64)（CNN特征+物理特征）
2025-10-15 00:25:20,183 - INFO - [INFO] 分类结果：正常周期27个，异常周期5个
2025-10-15 00:25:33,337 - INFO - [SUCCESS] 主导波形识别与正常/异常分类完成！（基于融合特征）
2025-10-15 00:25:34,035 - INFO - [SUCCESS] 总波形正常/异常标注完成！
2025-10-15 00:25:34,035 - INFO - ============================================================
2025-10-15 00:25:34,035 - INFO - 流程完成！最终结果汇总：
2025-10-15 00:25:34,035 - INFO - 1. 周期统计：
2025-10-15 00:25:34,035 - INFO -    - 总周期数：32个
2025-10-15 00:25:34,035 - INFO -    - 正常周期：27个（84.4%）
2025-10-15 00:25:34,038 - INFO -    - 异常周期：5个（15.6%）
2025-10-15 00:25:34,038 - INFO - 2. 关键特征文件：
2025-10-15 00:25:34,038 - INFO -    - 物理特征：dominant_waveform_results\2_extracted_features\physical_features.csv
2025-10-15 00:25:34,038 - INFO -    - 融合特征：dominant_waveform_results\2_extracted_features\fused_features.csv
2025-10-15 00:25:34,038 - INFO - 3. 图表路径：
2025-10-15 00:25:34,038 - INFO -    - 波峰波谷图：dominant_waveform_results\6_visualizations\peaks_valleys_marking.png
2025-10-15 00:25:34,038 - INFO -    - 总波形标注图：dominant_waveform_results\5_total_waveform\total_waveform_annotation.png
2025-10-15 00:25:34,038 - INFO - ============================================================
2025-10-15 00:27:01,263 - INFO - ============================================================
2025-10-15 00:27:01,263 - INFO - 开始波形主导模式识别+正常/异常分类流程（融合特征版）
2025-10-15 00:27:01,263 - INFO - ============================================================
2025-10-15 00:27:01,280 - INFO - [SUCCESS] 加载数据：801个采样点，时间范围50.00~130.00S
2025-10-15 00:27:01,721 - WARNING - 跳过过短周期（长度9）
2025-10-15 00:27:01,721 - WARNING - 跳过过短周期（长度8）
2025-10-15 00:27:01,727 - WARNING - 未找到足够波谷，停止分割
2025-10-15 00:27:01,772 - INFO - [SUCCESS] 周期分割完成：共32个有效周期
2025-10-15 00:27:01,772 - INFO - [INFO] 开始主导波形识别：32个周期，波形长度200
2025-10-15 00:27:01,772 - INFO - [INFO] 修正聚类数范围：K ∈ [2, 5]（周期数=32）
2025-10-15 00:27:01,790 - INFO - [SUCCESS] 时域物理特征提取完成：32个周期，10个特征
2025-10-15 00:27:01,811 - INFO - [SUCCESS] 融合特征提取完成：shape=(32, 64)（CNN特征+物理特征）
2025-10-15 00:27:02,702 - INFO - [INFO] 分类结果：正常周期29个，异常周期3个
2025-10-15 00:27:20,633 - INFO - ============================================================
2025-10-15 00:27:20,635 - INFO - 开始波形主导模式识别+正常/异常分类流程（融合特征版）
2025-10-15 00:27:20,636 - INFO - ============================================================
2025-10-15 00:27:20,658 - INFO - [SUCCESS] 加载数据：801个采样点，时间范围50.00~130.00S
2025-10-15 00:27:21,197 - WARNING - 跳过过短周期（长度9）
2025-10-15 00:27:21,197 - WARNING - 跳过过短周期（长度8）
2025-10-15 00:27:21,197 - WARNING - 未找到足够波谷，停止分割
2025-10-15 00:27:21,274 - INFO - [SUCCESS] 周期分割完成：共32个有效周期
2025-10-15 00:27:21,274 - INFO - [INFO] 开始主导波形识别：32个周期，波形长度200
2025-10-15 00:27:21,274 - INFO - [INFO] 修正聚类数范围：K ∈ [2, 5]（周期数=32）
2025-10-15 00:27:21,288 - INFO - [SUCCESS] 时域物理特征提取完成：32个周期，10个特征
2025-10-15 00:27:21,311 - INFO - [SUCCESS] 融合特征提取完成：shape=(32, 64)（CNN特征+物理特征）
2025-10-15 00:27:22,307 - INFO - [INFO] 分类结果：正常周期31个，异常周期1个
2025-10-15 00:27:34,848 - INFO - [SUCCESS] 主导波形识别与正常/异常分类完成！（基于融合特征）
2025-10-15 00:27:36,172 - INFO - [SUCCESS] 总波形正常/异常标注完成！
2025-10-15 00:27:36,172 - INFO - ============================================================
2025-10-15 00:27:36,172 - INFO - 流程完成！最终结果汇总：
2025-10-15 00:27:36,172 - INFO - 1. 周期统计：
2025-10-15 00:27:36,172 - INFO -    - 总周期数：32个
2025-10-15 00:27:36,172 - INFO -    - 正常周期：31个（96.9%）
2025-10-15 00:27:36,172 - INFO -    - 异常周期：1个（3.1%）
2025-10-15 00:27:36,184 - INFO - 2. 关键特征文件：
2025-10-15 00:27:36,184 - INFO -    - 物理特征：dominant_waveform_results\2_extracted_features\physical_features.csv
2025-10-15 00:27:36,184 - INFO -    - 融合特征：dominant_waveform_results\2_extracted_features\fused_features.csv
2025-10-15 00:27:36,184 - INFO - 3. 图表路径：
2025-10-15 00:27:36,184 - INFO -    - 波峰波谷图：dominant_waveform_results\6_visualizations\peaks_valleys_marking.png
2025-10-15 00:27:36,184 - INFO -    - 总波形标注图：dominant_waveform_results\5_total_waveform\total_waveform_annotation.png
2025-10-15 00:27:36,184 - INFO - ============================================================
2025-10-15 00:28:19,929 - INFO - ============================================================
2025-10-15 00:28:19,929 - INFO - 开始波形主导模式识别+正常/异常分类流程（融合特征版）
2025-10-15 00:28:19,929 - INFO - ============================================================
2025-10-15 00:28:19,956 - INFO - [SUCCESS] 加载数据：801个采样点，时间范围50.00~130.00S
2025-10-15 00:28:20,520 - WARNING - 未找到足够波谷，停止分割
2025-10-15 00:28:20,585 - INFO - [SUCCESS] 周期分割完成：共27个有效周期
2025-10-15 00:28:20,585 - INFO - [INFO] 开始主导波形识别：27个周期，波形长度200
2025-10-15 00:28:20,585 - INFO - [INFO] 修正聚类数范围：K ∈ [2, 5]（周期数=27）
2025-10-15 00:28:20,600 - INFO - [SUCCESS] 时域物理特征提取完成：27个周期，10个特征
2025-10-15 00:28:20,621 - INFO - [SUCCESS] 融合特征提取完成：shape=(27, 64)（CNN特征+物理特征）
2025-10-15 00:28:21,694 - INFO - [INFO] 分类结果：正常周期23个，异常周期4个
2025-10-15 00:28:32,334 - INFO - [SUCCESS] 主导波形识别与正常/异常分类完成！（基于融合特征）
2025-10-15 00:28:33,027 - INFO - [SUCCESS] 总波形正常/异常标注完成！
2025-10-15 00:28:33,027 - INFO - ============================================================
2025-10-15 00:28:33,027 - INFO - 流程完成！最终结果汇总：
2025-10-15 00:28:33,027 - INFO - 1. 周期统计：
2025-10-15 00:28:33,027 - INFO -    - 总周期数：27个
2025-10-15 00:28:33,027 - INFO -    - 正常周期：23个（85.2%）
2025-10-15 00:28:33,027 - INFO -    - 异常周期：4个（14.8%）
2025-10-15 00:28:33,027 - INFO - 2. 关键特征文件：
2025-10-15 00:28:33,027 - INFO -    - 物理特征：dominant_waveform_results\2_extracted_features\physical_features.csv
2025-10-15 00:28:33,027 - INFO -    - 融合特征：dominant_waveform_results\2_extracted_features\fused_features.csv
2025-10-15 00:28:33,027 - INFO - 3. 图表路径：
2025-10-15 00:28:33,027 - INFO -    - 波峰波谷图：dominant_waveform_results\6_visualizations\peaks_valleys_marking.png
2025-10-15 00:28:33,027 - INFO -    - 总波形标注图：dominant_waveform_results\5_total_waveform\total_waveform_annotation.png
2025-10-15 00:28:33,027 - INFO - ============================================================
2025-10-15 00:28:45,250 - INFO - ============================================================
2025-10-15 00:28:45,261 - INFO - 开始波形主导模式识别+正常/异常分类流程（融合特征版）
2025-10-15 00:28:45,261 - INFO - ============================================================
2025-10-15 00:28:45,281 - INFO - [SUCCESS] 加载数据：801个采样点，时间范围50.00~130.00S
2025-10-15 00:28:45,785 - WARNING - 未找到足够波谷，停止分割
2025-10-15 00:28:45,842 - INFO - [SUCCESS] 周期分割完成：共27个有效周期
2025-10-15 00:28:45,842 - INFO - [INFO] 开始主导波形识别：27个周期，波形长度200
2025-10-15 00:28:45,842 - INFO - [INFO] 修正聚类数范围：K ∈ [2, 5]（周期数=27）
2025-10-15 00:28:45,850 - INFO - [SUCCESS] 时域物理特征提取完成：27个周期，10个特征
2025-10-15 00:28:45,867 - INFO - [SUCCESS] 融合特征提取完成：shape=(27, 64)（CNN特征+物理特征）
2025-10-15 00:28:46,839 - INFO - [INFO] 分类结果：正常周期19个，异常周期8个
2025-10-15 00:28:57,496 - INFO - [SUCCESS] 主导波形识别与正常/异常分类完成！（基于融合特征）
2025-10-15 00:28:58,146 - INFO - [SUCCESS] 总波形正常/异常标注完成！
2025-10-15 00:28:58,148 - INFO - ============================================================
2025-10-15 00:28:58,148 - INFO - 流程完成！最终结果汇总：
2025-10-15 00:28:58,148 - INFO - 1. 周期统计：
2025-10-15 00:28:58,148 - INFO -    - 总周期数：27个
2025-10-15 00:28:58,148 - INFO -    - 正常周期：19个（70.4%）
2025-10-15 00:28:58,150 - INFO -    - 异常周期：8个（29.6%）
2025-10-15 00:28:58,150 - INFO - 2. 关键特征文件：
2025-10-15 00:28:58,150 - INFO -    - 物理特征：dominant_waveform_results\2_extracted_features\physical_features.csv
2025-10-15 00:28:58,150 - INFO -    - 融合特征：dominant_waveform_results\2_extracted_features\fused_features.csv
2025-10-15 00:28:58,150 - INFO - 3. 图表路径：
2025-10-15 00:28:58,150 - INFO -    - 波峰波谷图：dominant_waveform_results\6_visualizations\peaks_valleys_marking.png
2025-10-15 00:28:58,151 - INFO -    - 总波形标注图：dominant_waveform_results\5_total_waveform\total_waveform_annotation.png
2025-10-15 00:28:58,151 - INFO - ============================================================
2025-10-15 00:30:06,522 - INFO - ============================================================
2025-10-15 00:30:06,522 - INFO - 开始波形主导模式识别+正常/异常分类流程（融合特征版）
2025-10-15 00:30:06,538 - INFO - ============================================================
2025-10-15 00:30:06,554 - INFO - [SUCCESS] 加载数据：801个采样点，时间范围50.00~130.00S
2025-10-15 00:30:06,962 - WARNING - 未找到足够波谷，停止分割
2025-10-15 00:30:07,007 - INFO - [SUCCESS] 周期分割完成：共27个有效周期
2025-10-15 00:30:07,009 - INFO - [INFO] 开始主导波形识别：27个周期，波形长度200
2025-10-15 00:30:07,009 - INFO - [INFO] 修正聚类数范围：K ∈ [2, 5]（周期数=27）
2025-10-15 00:30:07,017 - INFO - [SUCCESS] 时域物理特征提取完成：27个周期，10个特征
2025-10-15 00:30:07,025 - INFO - [SUCCESS] 融合特征提取完成：shape=(27, 64)（CNN特征+物理特征）
2025-10-15 00:30:07,801 - INFO - [INFO] 分类结果：正常周期22个，异常周期5个
2025-10-15 00:30:17,307 - INFO - [SUCCESS] 主导波形识别与正常/异常分类完成！（基于融合特征）
2025-10-15 00:30:18,039 - INFO - [SUCCESS] 总波形正常/异常标注完成！
2025-10-15 00:30:18,039 - INFO - ============================================================
2025-10-15 00:30:18,039 - INFO - 流程完成！最终结果汇总：
2025-10-15 00:30:18,039 - INFO - 1. 周期统计：
2025-10-15 00:30:18,039 - INFO -    - 总周期数：27个
2025-10-15 00:30:18,039 - INFO -    - 正常周期：22个（81.5%）
2025-10-15 00:30:18,039 - INFO -    - 异常周期：5个（18.5%）
2025-10-15 00:30:18,039 - INFO - 2. 关键特征文件：
2025-10-15 00:30:18,039 - INFO -    - 物理特征：dominant_waveform_results\2_extracted_features\physical_features.csv
2025-10-15 00:30:18,039 - INFO -    - 融合特征：dominant_waveform_results\2_extracted_features\fused_features.csv
2025-10-15 00:30:18,039 - INFO - 3. 图表路径：
2025-10-15 00:30:18,039 - INFO -    - 波峰波谷图：dominant_waveform_results\6_visualizations\peaks_valleys_marking.png
2025-10-15 00:30:18,039 - INFO -    - 总波形标注图：dominant_waveform_results\5_total_waveform\total_waveform_annotation.png
2025-10-15 00:30:18,039 - INFO - ============================================================
2025-10-15 00:44:30,083 - INFO - ============================================================
2025-10-15 00:44:30,083 - INFO - 开始波形主导模式识别+正常/异常分类流程（融合特征版）
2025-10-15 00:44:30,083 - INFO - ============================================================
2025-10-15 00:44:30,105 - INFO - [SUCCESS] 加载数据：801个采样点，时间范围50.00~130.00S
2025-10-15 00:44:30,601 - WARNING - 未找到足够波谷，停止分割
2025-10-15 00:44:30,650 - INFO - [SUCCESS] 周期分割完成：共27个有效周期
2025-10-15 00:44:30,650 - INFO - [INFO] 开始主导波形识别：27个周期，波形长度200
2025-10-15 00:44:30,651 - INFO - [INFO] 修正聚类数范围：K ∈ [2, 5]（周期数=27）
2025-10-15 00:44:30,661 - INFO - [SUCCESS] 时域物理特征提取完成：27个周期，12个特征
2025-10-15 00:44:30,683 - INFO - [SUCCESS] 融合特征提取完成：shape=(27, 64)（CNN特征+物理特征）
2025-10-15 00:44:31,711 - INFO - [INFO] 分类结果：正常周期24个，异常周期3个
2025-10-15 00:44:40,938 - INFO - [SUCCESS] 主导波形识别与正常/异常分类完成！（基于融合特征）
2025-10-15 00:44:41,507 - INFO - [SUCCESS] 总波形正常/异常标注完成！
2025-10-15 00:44:41,507 - INFO - ============================================================
2025-10-15 00:44:41,507 - INFO - 流程完成！最终结果汇总：
2025-10-15 00:44:41,507 - INFO - 1. 周期统计：
2025-10-15 00:44:41,507 - INFO -    - 总周期数：27个
2025-10-15 00:44:41,507 - INFO -    - 正常周期：24个（88.9%）
2025-10-15 00:44:41,507 - INFO -    - 异常周期：3个（11.1%）
2025-10-15 00:44:41,507 - INFO - 2. 关键特征文件：
2025-10-15 00:44:41,507 - INFO -    - 物理特征：dominant_waveform_results\2_extracted_features\physical_features.csv
2025-10-15 00:44:41,507 - INFO -    - 融合特征：dominant_waveform_results\2_extracted_features\fused_features.csv
2025-10-15 00:44:41,507 - INFO - 3. 图表路径：
2025-10-15 00:44:41,507 - INFO -    - 波峰波谷图：dominant_waveform_results\6_visualizations\peaks_valleys_marking.png
2025-10-15 00:44:41,507 - INFO -    - 总波形标注图：dominant_waveform_results\5_total_waveform\total_waveform_annotation.png
2025-10-15 00:44:41,507 - INFO - ============================================================
2025-10-15 00:45:48,092 - INFO - ============================================================
2025-10-15 00:45:48,092 - INFO - 开始波形主导模式识别+正常/异常分类流程（融合特征版）
2025-10-15 00:45:48,092 - INFO - ============================================================
2025-10-15 00:45:48,108 - INFO - [SUCCESS] 加载数据：801个采样点，时间范围50.00~130.00S
2025-10-15 00:45:48,735 - WARNING - 未找到足够波谷，停止分割
2025-10-15 00:45:48,786 - INFO - [SUCCESS] 周期分割完成：共27个有效周期
2025-10-15 00:45:48,787 - INFO - [INFO] 开始主导波形识别：27个周期，波形长度200
2025-10-15 00:45:48,787 - INFO - [INFO] 修正聚类数范围：K ∈ [2, 5]（周期数=27）
2025-10-15 00:45:48,798 - INFO - [SUCCESS] 时域物理特征提取完成：27个周期，12个特征
2025-10-15 00:45:48,822 - INFO - [SUCCESS] 融合特征提取完成：shape=(27, 64)（CNN特征+物理特征）
2025-10-15 00:45:50,108 - INFO - [INFO] 分类结果：正常周期25个，异常周期2个
2025-10-15 00:46:00,680 - INFO - [SUCCESS] 主导波形识别与正常/异常分类完成！（基于融合特征）
2025-10-15 00:46:01,400 - INFO - [SUCCESS] 总波形正常/异常标注完成！
2025-10-15 00:46:01,400 - INFO - ============================================================
2025-10-15 00:46:01,400 - INFO - 流程完成！最终结果汇总：
2025-10-15 00:46:01,400 - INFO - 1. 周期统计：
2025-10-15 00:46:01,400 - INFO -    - 总周期数：27个
2025-10-15 00:46:01,400 - INFO -    - 正常周期：25个（92.6%）
2025-10-15 00:46:01,400 - INFO -    - 异常周期：2个（7.4%）
2025-10-15 00:46:01,400 - INFO - 2. 关键特征文件：
2025-10-15 00:46:01,400 - INFO -    - 物理特征：dominant_waveform_results\2_extracted_features\physical_features.csv
2025-10-15 00:46:01,400 - INFO -    - 融合特征：dominant_waveform_results\2_extracted_features\fused_features.csv
2025-10-15 00:46:01,400 - INFO - 3. 图表路径：
2025-10-15 00:46:01,400 - INFO -    - 波峰波谷图：dominant_waveform_results\6_visualizations\peaks_valleys_marking.png
2025-10-15 00:46:01,400 - INFO -    - 总波形标注图：dominant_waveform_results\5_total_waveform\total_waveform_annotation.png
2025-10-15 00:46:01,400 - INFO - ============================================================
2025-10-15 00:46:52,527 - INFO - ============================================================
2025-10-15 00:46:52,527 - INFO - 开始波形主导模式识别+正常/异常分类流程（融合特征版）
2025-10-15 00:46:52,527 - INFO - ============================================================
2025-10-15 00:46:52,546 - INFO - [SUCCESS] 加载数据：801个采样点，时间范围50.00~130.00S
2025-10-15 00:46:53,003 - WARNING - 未找到足够波谷，停止分割
2025-10-15 00:46:53,047 - INFO - [SUCCESS] 周期分割完成：共27个有效周期
2025-10-15 00:46:53,048 - INFO - [INFO] 开始主导波形识别：27个周期，波形长度200
2025-10-15 00:46:53,050 - INFO - [INFO] 修正聚类数范围：K ∈ [2, 5]（周期数=27）
2025-10-15 00:46:53,058 - INFO - [SUCCESS] 时域物理特征提取完成：27个周期，12个特征
2025-10-15 00:46:53,078 - INFO - [SUCCESS] 融合特征提取完成：shape=(27, 64)（CNN特征+物理特征）
2025-10-15 00:46:53,850 - WARNING - [WARNING] 无占比≥0.8的簇，选择占比最高簇为正常（占比0.70）
2025-10-15 00:46:53,850 - INFO - [INFO] 分类结果：正常周期19个，异常周期8个
2025-10-15 00:47:05,601 - INFO - [SUCCESS] 主导波形识别与正常/异常分类完成！（基于融合特征）
2025-10-15 00:47:06,377 - INFO - [SUCCESS] 总波形正常/异常标注完成！
2025-10-15 00:47:06,377 - INFO - ============================================================
2025-10-15 00:47:06,377 - INFO - 流程完成！最终结果汇总：
2025-10-15 00:47:06,377 - INFO - 1. 周期统计：
2025-10-15 00:47:06,377 - INFO -    - 总周期数：27个
2025-10-15 00:47:06,377 - INFO -    - 正常周期：19个（70.4%）
2025-10-15 00:47:06,377 - INFO -    - 异常周期：8个（29.6%）
2025-10-15 00:47:06,377 - INFO - 2. 关键特征文件：
2025-10-15 00:47:06,377 - INFO -    - 物理特征：dominant_waveform_results\2_extracted_features\physical_features.csv
2025-10-15 00:47:06,377 - INFO -    - 融合特征：dominant_waveform_results\2_extracted_features\fused_features.csv
2025-10-15 00:47:06,389 - INFO - 3. 图表路径：
2025-10-15 00:47:06,389 - INFO -    - 波峰波谷图：dominant_waveform_results\6_visualizations\peaks_valleys_marking.png
2025-10-15 00:47:06,390 - INFO -    - 总波形标注图：dominant_waveform_results\5_total_waveform\total_waveform_annotation.png
2025-10-15 00:47:06,391 - INFO - ============================================================
2025-10-15 00:47:40,627 - INFO - ============================================================
2025-10-15 00:47:40,627 - INFO - 开始波形主导模式识别+正常/异常分类流程（融合特征版）
2025-10-15 00:47:40,627 - INFO - ============================================================
2025-10-15 00:47:40,652 - INFO - [SUCCESS] 加载数据：801个采样点，时间范围50.00~130.00S
2025-10-15 00:47:41,211 - WARNING - 未找到足够波谷，停止分割
2025-10-15 00:47:41,267 - INFO - [SUCCESS] 周期分割完成：共27个有效周期
2025-10-15 00:47:41,268 - INFO - [INFO] 开始主导波形识别：27个周期，波形长度200
2025-10-15 00:47:41,268 - INFO - [INFO] 修正聚类数范围：K ∈ [2, 5]（周期数=27）
2025-10-15 00:47:41,278 - INFO - [SUCCESS] 时域物理特征提取完成：27个周期，12个特征
2025-10-15 00:47:41,299 - INFO - [SUCCESS] 融合特征提取完成：shape=(27, 64)（CNN特征+物理特征）
2025-10-15 00:47:42,296 - WARNING - [WARNING] 无占比≥0.8的簇，选择占比最高簇为正常（占比0.63）
2025-10-15 00:47:42,297 - INFO - [INFO] 分类结果：正常周期17个，异常周期10个
2025-10-15 00:47:55,492 - INFO - [SUCCESS] 主导波形识别与正常/异常分类完成！（基于融合特征）
2025-10-15 00:47:56,425 - INFO - [SUCCESS] 总波形正常/异常标注完成！
2025-10-15 00:47:56,426 - INFO - ============================================================
2025-10-15 00:47:56,426 - INFO - 流程完成！最终结果汇总：
2025-10-15 00:47:56,426 - INFO - 1. 周期统计：
2025-10-15 00:47:56,426 - INFO -    - 总周期数：27个
2025-10-15 00:47:56,427 - INFO -    - 正常周期：17个（63.0%）
2025-10-15 00:47:56,427 - INFO -    - 异常周期：10个（37.0%）
2025-10-15 00:47:56,427 - INFO - 2. 关键特征文件：
2025-10-15 00:47:56,427 - INFO -    - 物理特征：dominant_waveform_results\2_extracted_features\physical_features.csv
2025-10-15 00:47:56,427 - INFO -    - 融合特征：dominant_waveform_results\2_extracted_features\fused_features.csv
2025-10-15 00:47:56,428 - INFO - 3. 图表路径：
2025-10-15 00:47:56,428 - INFO -    - 波峰波谷图：dominant_waveform_results\6_visualizations\peaks_valleys_marking.png
2025-10-15 00:47:56,428 - INFO -    - 总波形标注图：dominant_waveform_results\5_total_waveform\total_waveform_annotation.png
2025-10-15 00:47:56,428 - INFO - ============================================================
2025-10-15 00:55:17,442 - INFO - ============================================================
2025-10-15 00:55:17,442 - INFO - 开始波形主导模式识别+正常/异常分类流程（融合特征版）
2025-10-15 00:55:17,442 - INFO - ============================================================
2025-10-15 00:55:17,466 - INFO - [SUCCESS] 加载数据：801个采样点，时间范围50.00~130.00S
2025-10-15 00:55:17,972 - ERROR - 周期分割失败：name 'second_valley_idx' is not defined
2025-10-15 00:55:17,972 - ERROR - 流程终止：周期分割失败
2025-10-15 00:55:49,004 - INFO - ============================================================
2025-10-15 00:55:49,004 - INFO - 开始波形主导模式识别+正常/异常分类流程（融合特征版）
2025-10-15 00:55:49,005 - INFO - ============================================================
2025-10-15 00:55:49,024 - INFO - [SUCCESS] 加载数据：801个采样点，时间范围50.00~130.00S
2025-10-15 00:55:49,546 - ERROR - 周期分割失败：name 'second_valley_idx' is not defined
2025-10-15 00:55:49,546 - ERROR - 流程终止：周期分割失败
2025-10-15 00:56:15,761 - INFO - ============================================================
2025-10-15 00:56:15,761 - INFO - 开始波形主导模式识别+正常/异常分类流程（融合特征版）
2025-10-15 00:56:15,761 - INFO - ============================================================
2025-10-15 00:56:15,794 - INFO - [SUCCESS] 加载数据：801个采样点，时间范围50.00~130.00S
2025-10-15 00:56:16,680 - WARNING - 未找到足够波峰，停止分割
2025-10-15 00:56:16,735 - INFO - [SUCCESS] 周期分割完成：共26个有效周期
2025-10-15 00:56:16,735 - INFO - [INFO] 开始主导波形识别：26个周期，波形长度200
2025-10-15 00:56:16,735 - INFO - [INFO] 修正聚类数范围：K ∈ [2, 5]（周期数=26）
2025-10-15 00:56:16,747 - INFO - [SUCCESS] 时域物理特征提取完成：26个周期，12个特征
2025-10-15 00:56:16,771 - INFO - [SUCCESS] 融合特征提取完成：shape=(26, 64)（CNN特征+物理特征）
2025-10-15 00:56:17,807 - INFO - [INFO] 分类结果：正常周期21个，异常周期5个
2025-10-15 00:56:32,928 - INFO - [SUCCESS] 主导波形识别与正常/异常分类完成！（基于融合特征）
2025-10-15 00:56:34,003 - INFO - [SUCCESS] 总波形正常/异常标注完成！
2025-10-15 00:56:34,003 - INFO - ============================================================
2025-10-15 00:56:34,003 - INFO - 流程完成！最终结果汇总：
2025-10-15 00:56:34,003 - INFO - 1. 周期统计：
2025-10-15 00:56:34,003 - INFO -    - 总周期数：26个
2025-10-15 00:56:34,003 - INFO -    - 正常周期：21个（80.8%）
2025-10-15 00:56:34,003 - INFO -    - 异常周期：5个（19.2%）
2025-10-15 00:56:34,003 - INFO - 2. 关键特征文件：
2025-10-15 00:56:34,003 - INFO -    - 物理特征：dominant_waveform_results\2_extracted_features\physical_features.csv
2025-10-15 00:56:34,008 - INFO -    - 融合特征：dominant_waveform_results\2_extracted_features\fused_features.csv
2025-10-15 00:56:34,008 - INFO - 3. 图表路径：
2025-10-15 00:56:34,008 - INFO -    - 波峰波谷图：dominant_waveform_results\6_visualizations\peaks_valleys_marking.png
2025-10-15 00:56:34,008 - INFO -    - 总波形标注图：dominant_waveform_results\5_total_waveform\total_waveform_annotation.png
2025-10-15 00:56:34,010 - INFO - ============================================================
2025-10-15 01:04:03,946 - INFO - ============================================================
2025-10-15 01:04:03,946 - INFO - 开始波形主导模式识别+正常/异常分类流程（融合特征版）
2025-10-15 01:04:03,946 - INFO - ============================================================
2025-10-15 01:04:03,979 - INFO - [SUCCESS] 加载数据：801个采样点，时间范围50.00~130.00S
2025-10-15 01:04:04,500 - WARNING - 起始波谷后未找到2个波峰，停止分割
2025-10-15 01:04:04,545 - INFO - [SUCCESS] 周期分割完成：共26个有效周期（每个周期：波谷→2个波峰→波谷）
2025-10-15 01:04:04,545 - INFO - [INFO] 开始主导波形识别：26个周期，波形长度200
2025-10-15 01:04:04,546 - INFO - [INFO] 修正聚类数范围：K ∈ [2, 5]（周期数=26）
2025-10-15 01:04:04,558 - INFO - [SUCCESS] 时域物理特征提取完成：26个周期，12个特征
2025-10-15 01:04:04,577 - INFO - [SUCCESS] 融合特征提取完成：shape=(26, 64)（CNN特征+物理特征）
2025-10-15 01:04:05,816 - WARNING - [WARNING] 无占比≥0.8的簇，选择占比最高簇为正常（占比0.58）
2025-10-15 01:04:05,816 - INFO - [INFO] 分类结果：正常周期15个，异常周期11个
2025-10-15 01:04:17,932 - INFO - [SUCCESS] 主导波形识别与正常/异常分类完成！（基于融合特征）
2025-10-15 01:04:18,686 - INFO - [SUCCESS] 总波形正常/异常标注完成！
2025-10-15 01:04:18,687 - INFO - ============================================================
2025-10-15 01:04:18,687 - INFO - 流程完成！最终结果汇总：
2025-10-15 01:04:18,687 - INFO - 1. 周期统计：
2025-10-15 01:04:18,687 - INFO -    - 总周期数：26个
2025-10-15 01:04:18,688 - INFO -    - 正常周期：15个（57.7%）
2025-10-15 01:04:18,688 - INFO -    - 异常周期：11个（42.3%）
2025-10-15 01:04:18,688 - INFO - 2. 关键特征文件：
2025-10-15 01:04:18,688 - INFO -    - 物理特征：dominant_waveform_results\2_extracted_features\physical_features.csv
2025-10-15 01:04:18,689 - INFO -    - 融合特征：dominant_waveform_results\2_extracted_features\fused_features.csv
2025-10-15 01:04:18,689 - INFO - 3. 图表路径：
2025-10-15 01:04:18,689 - INFO -    - 波峰波谷图：dominant_waveform_results\6_visualizations\peaks_valleys_marking.png
2025-10-15 01:04:18,689 - INFO -    - 总波形标注图：dominant_waveform_results\5_total_waveform\total_waveform_annotation.png
2025-10-15 01:04:18,689 - INFO - ============================================================
2025-10-15 01:06:42,159 - INFO - ============================================================
2025-10-15 01:06:42,159 - INFO - 开始波形主导模式识别+正常/异常分类流程（融合特征版）
2025-10-15 01:06:42,159 - INFO - ============================================================
2025-10-15 01:06:42,198 - INFO - [SUCCESS] 加载数据：759个采样点，时间范围50.00~125.80S
2025-10-15 01:06:42,802 - WARNING - 起始波谷后未找到2个波峰，停止分割
2025-10-15 01:06:42,837 - INFO - [SUCCESS] 周期分割完成：共28个有效周期（每个周期：波谷→2个波峰→波谷）
2025-10-15 01:06:42,852 - INFO - [INFO] 开始主导波形识别：28个周期，波形长度200
2025-10-15 01:06:42,853 - INFO - [INFO] 修正聚类数范围：K ∈ [2, 5]（周期数=28）
2025-10-15 01:06:42,863 - INFO - [SUCCESS] 时域物理特征提取完成：28个周期，12个特征
2025-10-15 01:06:42,870 - INFO - [SUCCESS] 融合特征提取完成：shape=(28, 64)（CNN特征+物理特征）
2025-10-15 01:06:43,903 - WARNING - [WARNING] 无占比≥0.8的簇，选择占比最高簇为正常（占比0.50）
2025-10-15 01:06:43,905 - INFO - [INFO] 分类结果：正常周期14个，异常周期14个
2025-10-15 01:06:55,592 - INFO - [SUCCESS] 主导波形识别与正常/异常分类完成！（基于融合特征）
2025-10-15 01:06:56,316 - INFO - [SUCCESS] 总波形正常/异常标注完成！
2025-10-15 01:06:56,316 - INFO - ============================================================
2025-10-15 01:06:56,316 - INFO - 流程完成！最终结果汇总：
2025-10-15 01:06:56,316 - INFO - 1. 周期统计：
2025-10-15 01:06:56,316 - INFO -    - 总周期数：28个
2025-10-15 01:06:56,316 - INFO -    - 正常周期：14个（50.0%）
2025-10-15 01:06:56,316 - INFO -    - 异常周期：14个（50.0%）
2025-10-15 01:06:56,316 - INFO - 2. 关键特征文件：
2025-10-15 01:06:56,316 - INFO -    - 物理特征：dominant_waveform_results\2_extracted_features\physical_features.csv
2025-10-15 01:06:56,316 - INFO -    - 融合特征：dominant_waveform_results\2_extracted_features\fused_features.csv
2025-10-15 01:06:56,316 - INFO - 3. 图表路径：
2025-10-15 01:06:56,316 - INFO -    - 波峰波谷图：dominant_waveform_results\6_visualizations\peaks_valleys_marking.png
2025-10-15 01:06:56,316 - INFO -    - 总波形标注图：dominant_waveform_results\5_total_waveform\total_waveform_annotation.png
2025-10-15 01:06:56,316 - INFO - ============================================================
2025-10-15 01:08:46,584 - INFO - ============================================================
2025-10-15 01:08:46,584 - INFO - 开始波形主导模式识别+正常/异常分类流程（融合特征版）
2025-10-15 01:08:46,585 - INFO - ============================================================
2025-10-15 01:08:46,621 - INFO - [SUCCESS] 加载数据：1059个采样点，时间范围20.00~125.80S
2025-10-15 01:08:47,193 - WARNING - 跳过过短周期（长度8，时间范围(25.4, 26.1)）
2025-10-15 01:08:47,237 - WARNING - 跳过过短周期（长度9，时间范围(99.4, 100.2)）
2025-10-15 01:08:47,245 - WARNING - 起始波谷后未找到2个波峰，停止分割
2025-10-15 01:08:47,350 - INFO - [SUCCESS] 周期分割完成：共68个有效周期（每个周期：波谷→2个波峰→波谷）
2025-10-15 01:08:47,366 - INFO - [INFO] 开始主导波形识别：68个周期，波形长度200
2025-10-15 01:08:47,366 - INFO - [INFO] 修正聚类数范围：K ∈ [2, 5]（周期数=68）
2025-10-15 01:08:47,391 - INFO - [SUCCESS] 时域物理特征提取完成：68个周期，12个特征
2025-10-15 01:08:47,413 - INFO - [SUCCESS] 融合特征提取完成：shape=(68, 64)（CNN特征+物理特征）
2025-10-15 01:08:48,501 - WARNING - [WARNING] 无占比≥0.7的簇，选择占比最高簇为正常（占比0.53）
2025-10-15 01:08:48,501 - INFO - [INFO] 分类结果：正常周期36个，异常周期32个
2025-10-15 01:09:12,538 - INFO - [SUCCESS] 主导波形识别与正常/异常分类完成！（基于融合特征）
2025-10-15 01:09:13,561 - INFO - [SUCCESS] 总波形正常/异常标注完成！
2025-10-15 01:09:13,561 - INFO - ============================================================
2025-10-15 01:09:13,563 - INFO - 流程完成！最终结果汇总：
2025-10-15 01:09:13,563 - INFO - 1. 周期统计：
2025-10-15 01:09:13,563 - INFO -    - 总周期数：68个
2025-10-15 01:09:13,563 - INFO -    - 正常周期：36个（52.9%）
2025-10-15 01:09:13,563 - INFO -    - 异常周期：32个（47.1%）
2025-10-15 01:09:13,563 - INFO - 2. 关键特征文件：
2025-10-15 01:09:13,563 - INFO -    - 物理特征：dominant_waveform_results\2_extracted_features\physical_features.csv
2025-10-15 01:09:13,563 - INFO -    - 融合特征：dominant_waveform_results\2_extracted_features\fused_features.csv
2025-10-15 01:09:13,566 - INFO - 3. 图表路径：
2025-10-15 01:09:13,566 - INFO -    - 波峰波谷图：dominant_waveform_results\6_visualizations\peaks_valleys_marking.png
2025-10-15 01:09:13,566 - INFO -    - 总波形标注图：dominant_waveform_results\5_total_waveform\total_waveform_annotation.png
2025-10-15 01:09:13,566 - INFO - ============================================================
2025-10-15 01:09:34,633 - INFO - ============================================================
2025-10-15 01:09:34,633 - INFO - 开始波形主导模式识别+正常/异常分类流程（融合特征版）
2025-10-15 01:09:34,633 - INFO - ============================================================
2025-10-15 01:09:34,667 - INFO - [SUCCESS] 加载数据：1059个采样点，时间范围20.00~125.80S
2025-10-15 01:09:35,127 - WARNING - 跳过过短周期（长度7，时间范围(20.3, 20.9)）
2025-10-15 01:09:35,127 - WARNING - 跳过过短周期（长度8，时间范围(21.1, 21.8)）
2025-10-15 01:09:35,127 - WARNING - 跳过过短周期（长度6，时间范围(22.0, 22.5)）
2025-10-15 01:09:35,127 - WARNING - 跳过过短周期（长度7，时间范围(22.9, 23.5)）
2025-10-15 01:09:35,127 - WARNING - 跳过过短周期（长度5，时间范围(23.9, 24.3)）
2025-10-15 01:09:35,127 - WARNING - 跳过过短周期（长度6，时间范围(24.6, 25.1)）
2025-10-15 01:09:35,127 - WARNING - 跳过过短周期（长度6，时间范围(25.4, 25.9)）
2025-10-15 01:09:35,127 - WARNING - 跳过过短周期（长度5，时间范围(26.1, 26.5)）
2025-10-15 01:09:35,127 - WARNING - 跳过过短周期（长度6，时间范围(26.8, 27.3)）
2025-10-15 01:09:35,127 - WARNING - 跳过过短周期（长度8，时间范围(27.5, 28.2)）
2025-10-15 01:09:35,127 - WARNING - 跳过过短周期（长度8，时间范围(28.5, 29.2)）
2025-10-15 01:09:35,127 - WARNING - 跳过过短周期（长度6，时间范围(29.4, 29.9)）
2025-10-15 01:09:35,127 - WARNING - 跳过过短周期（长度6，时间范围(30.1, 30.6)）
2025-10-15 01:09:35,127 - WARNING - 跳过过短周期（长度6，时间范围(31.0, 31.5)）
2025-10-15 01:09:35,127 - WARNING - 跳过过短周期（长度7，时间范围(32.1, 32.7)）
2025-10-15 01:09:35,127 - WARNING - 跳过过短周期（长度7，时间范围(32.9, 33.5)）
2025-10-15 01:09:35,127 - WARNING - 跳过过短周期（长度5，时间范围(33.7, 34.1)）
2025-10-15 01:09:35,127 - WARNING - 跳过过短周期（长度8，时间范围(34.3, 35.0)）
2025-10-15 01:09:35,127 - WARNING - 跳过过短周期（长度7，时间范围(35.2, 35.8)）
2025-10-15 01:09:35,127 - WARNING - 跳过过短周期（长度8，时间范围(36.1, 36.8)）
2025-10-15 01:09:35,127 - WARNING - 跳过过短周期（长度7，时间范围(37.0, 37.6)）
2025-10-15 01:09:35,127 - WARNING - 跳过过短周期（长度5，时间范围(37.8, 38.2)）
2025-10-15 01:09:35,127 - WARNING - 跳过过短周期（长度8，时间范围(38.6, 39.3)）
2025-10-15 01:09:35,127 - WARNING - 跳过过短周期（长度6，时间范围(39.6, 40.1)）
2025-10-15 01:09:35,127 - WARNING - 跳过过短周期（长度6，时间范围(40.3, 40.8)）
2025-10-15 01:09:35,127 - WARNING - 跳过过短周期（长度7，时间范围(41.0, 41.6)）
2025-10-15 01:09:35,133 - WARNING - 跳过过短周期（长度6，时间范围(41.8, 42.3)）
2025-10-15 01:09:35,133 - WARNING - 跳过过短周期（长度6，时间范围(42.5, 43.0)）
2025-10-15 01:09:35,134 - WARNING - 跳过过短周期（长度6，时间范围(43.4, 43.9)）
2025-10-15 01:09:35,134 - WARNING - 跳过过短周期（长度6，时间范围(44.1, 44.6)）
2025-10-15 01:09:35,135 - WARNING - 跳过过短周期（长度5，时间范围(44.8, 45.2)）
2025-10-15 01:09:35,135 - WARNING - 跳过过短周期（长度6，时间范围(45.6, 46.1)）
2025-10-15 01:09:35,135 - WARNING - 跳过过短周期（长度8，时间范围(46.5, 47.2)）
2025-10-15 01:09:35,135 - WARNING - 跳过过短周期（长度8，时间范围(47.5, 48.2)）
2025-10-15 01:09:35,135 - WARNING - 跳过过短周期（长度9，时间范围(48.8, 49.6)）
2025-10-15 01:09:35,135 - WARNING - 跳过过短周期（长度6，时间范围(50.0, 50.5)）
2025-10-15 01:09:35,135 - WARNING - 跳过过短周期（长度8，时间范围(50.8, 51.5)）
2025-10-15 01:09:35,137 - WARNING - 跳过过短周期（长度6，时间范围(51.7, 52.2)）
2025-10-15 01:09:35,139 - WARNING - 跳过过短周期（长度7，时间范围(53.4, 54.0)）
2025-10-15 01:09:35,139 - WARNING - 跳过过短周期（长度8，时间范围(54.3, 55.0)）
2025-10-15 01:09:35,140 - WARNING - 跳过过短周期（长度6，时间范围(55.2, 55.7)）
2025-10-15 01:09:35,140 - WARNING - 跳过过短周期（长度7，时间范围(55.9, 56.5)）
2025-10-15 01:09:35,140 - WARNING - 跳过过短周期（长度7，时间范围(56.8, 57.4)）
2025-10-15 01:09:35,140 - WARNING - 跳过过短周期（长度6，时间范围(57.7, 58.2)）
2025-10-15 01:09:35,140 - WARNING - 跳过过短周期（长度7，时间范围(58.6, 59.2)）
2025-10-15 01:09:35,140 - WARNING - 跳过过短周期（长度6，时间范围(59.5, 60.0)）
2025-10-15 01:09:35,141 - WARNING - 跳过过短周期（长度7，时间范围(60.2, 60.8)）
2025-10-15 01:09:35,141 - WARNING - 跳过过短周期（长度8，时间范围(61.0, 61.7)）
2025-10-15 01:09:35,141 - WARNING - 跳过过短周期（长度7，时间范围(62.1, 62.7)）
2025-10-15 01:09:35,141 - WARNING - 跳过过短周期（长度9，时间范围(63.1, 63.9)）
2025-10-15 01:09:35,141 - WARNING - 跳过过短周期（长度6，时间范围(64.2, 64.7)）
2025-10-15 01:09:35,142 - WARNING - 跳过过短周期（长度7，时间范围(65.9, 66.5)）
2025-10-15 01:09:35,142 - WARNING - 跳过过短周期（长度6，时间范围(66.8, 67.3)）
2025-10-15 01:09:35,142 - WARNING - 跳过过短周期（长度8，时间范围(67.8, 68.5)）
2025-10-15 01:09:35,143 - WARNING - 跳过过短周期（长度7，时间范围(68.8, 69.4)）
2025-10-15 01:09:35,143 - WARNING - 跳过过短周期（长度6，时间范围(69.7, 70.2)）
2025-10-15 01:09:35,143 - WARNING - 跳过过短周期（长度6，时间范围(70.6, 71.1)）
2025-10-15 01:09:35,143 - WARNING - 跳过过短周期（长度6，时间范围(71.5, 72.0)）
2025-10-15 01:09:35,143 - WARNING - 跳过过短周期（长度9，时间范围(72.4, 73.2)）
2025-10-15 01:09:35,145 - WARNING - 跳过过短周期（长度5，时间范围(73.5, 73.9)）
2025-10-15 01:09:35,146 - WARNING - 跳过过短周期（长度9，时间范围(74.2, 75.0)）
2025-10-15 01:09:35,146 - WARNING - 跳过过短周期（长度6，时间范围(75.3, 75.8)）
2025-10-15 01:09:35,146 - WARNING - 跳过过短周期（长度6，时间范围(76.1, 76.6)）
2025-10-15 01:09:35,146 - WARNING - 跳过过短周期（长度5，时间范围(77.0, 77.4)）
2025-10-15 01:09:35,146 - WARNING - 跳过过短周期（长度5，时间范围(77.8, 78.2)）
2025-10-15 01:09:35,146 - WARNING - 跳过过短周期（长度8，时间范围(78.4, 79.1)）
2025-10-15 01:09:35,146 - WARNING - 跳过过短周期（长度7，时间范围(79.6, 80.2)）
2025-10-15 01:09:35,146 - WARNING - 跳过过短周期（长度9，时间范围(80.4, 81.2)）
2025-10-15 01:09:35,150 - WARNING - 跳过过短周期（长度7，时间范围(81.5, 82.1)）
2025-10-15 01:09:35,150 - WARNING - 跳过过短周期（长度8，时间范围(82.3, 83.0)）
2025-10-15 01:09:35,150 - WARNING - 跳过过短周期（长度8，时间范围(83.4, 84.1)）
2025-10-15 01:09:35,150 - WARNING - 跳过过短周期（长度6，时间范围(84.3, 84.8)）
2025-10-15 01:09:35,150 - WARNING - 跳过过短周期（长度7，时间范围(85.3, 85.9)）
2025-10-15 01:09:35,151 - WARNING - 跳过过短周期（长度6，时间范围(86.3, 86.8)）
2025-10-15 01:09:35,152 - WARNING - 跳过过短周期（长度5，时间范围(88.9, 89.3)）
2025-10-15 01:09:35,152 - WARNING - 跳过过短周期（长度6，时间范围(89.5, 90.0)）
2025-10-15 01:09:35,153 - WARNING - 跳过过短周期（长度6，时间范围(90.3, 90.8)）
2025-10-15 01:09:35,153 - WARNING - 跳过过短周期（长度5，时间范围(91.1, 91.5)）
2025-10-15 01:09:35,153 - WARNING - 跳过过短周期（长度8，时间范围(91.8, 92.5)）
2025-10-15 01:09:35,153 - WARNING - 跳过过短周期（长度7，时间范围(92.7, 93.3)）
2025-10-15 01:09:35,153 - WARNING - 跳过过短周期（长度7，时间范围(93.5, 94.1)）
2025-10-15 01:09:35,153 - WARNING - 跳过过短周期（长度9，时间范围(94.4, 95.2)）
2025-10-15 01:09:35,154 - WARNING - 跳过过短周期（长度5，时间范围(95.5, 95.9)）
2025-10-15 01:09:35,155 - WARNING - 跳过过短周期（长度7，时间范围(96.3, 96.9)）
2025-10-15 01:09:35,155 - WARNING - 跳过过短周期（长度8，时间范围(97.2, 97.9)）
2025-10-15 01:09:35,155 - WARNING - 跳过过短周期（长度6，时间范围(98.3, 98.8)）
2025-10-15 01:09:35,156 - WARNING - 跳过过短周期（长度7，时间范围(99.9, 100.5)）
2025-10-15 01:09:35,156 - WARNING - 跳过过短周期（长度8，时间范围(100.7, 101.4)）
2025-10-15 01:09:35,156 - WARNING - 跳过过短周期（长度7，时间范围(101.6, 102.2)）
2025-10-15 01:09:35,156 - WARNING - 跳过过短周期（长度7，时间范围(102.5, 103.1)）
2025-10-15 01:09:35,156 - WARNING - 跳过过短周期（长度7，时间范围(103.3, 103.9)）
2025-10-15 01:09:35,156 - WARNING - 跳过过短周期（长度6，时间范围(104.3, 104.8)）
2025-10-15 01:09:35,156 - WARNING - 跳过过短周期（长度6，时间范围(105.0, 105.5)）
2025-10-15 01:09:35,156 - WARNING - 跳过过短周期（长度8，时间范围(105.8, 106.5)）
2025-10-15 01:09:35,156 - WARNING - 跳过过短周期（长度6，时间范围(106.8, 107.3)）
2025-10-15 01:09:35,156 - WARNING - 跳过过短周期（长度8，时间范围(107.7, 108.4)）
2025-10-15 01:09:35,156 - WARNING - 跳过过短周期（长度5，时间范围(108.9, 109.3)）
2025-10-15 01:09:35,156 - WARNING - 跳过过短周期（长度5，时间范围(109.5, 109.9)）
2025-10-15 01:09:35,156 - WARNING - 跳过过短周期（长度7，时间范围(110.1, 110.7)）
2025-10-15 01:09:35,156 - WARNING - 跳过过短周期（长度6，时间范围(110.9, 111.4)）
2025-10-15 01:09:35,156 - WARNING - 跳过过短周期（长度8，时间范围(111.6, 112.3)）
2025-10-15 01:09:35,159 - WARNING - 跳过过短周期（长度6，时间范围(112.6, 113.1)）
2025-10-15 01:09:35,159 - WARNING - 跳过过短周期（长度7，时间范围(113.3, 113.9)）
2025-10-15 01:09:35,159 - WARNING - 跳过过短周期（长度9，时间范围(114.1, 114.9)）
2025-10-15 01:09:35,159 - WARNING - 跳过过短周期（长度6，时间范围(115.1, 115.6)）
2025-10-15 01:09:35,159 - WARNING - 跳过过短周期（长度6，时间范围(115.9, 116.4)）
2025-10-15 01:09:35,159 - WARNING - 跳过过短周期（长度7，时间范围(116.7, 117.3)）
2025-10-15 01:09:35,160 - WARNING - 跳过过短周期（长度6，时间范围(117.7, 118.2)）
2025-10-15 01:09:35,160 - WARNING - 跳过过短周期（长度9，时间范围(118.5, 119.3)）
2025-10-15 01:09:35,160 - WARNING - 跳过过短周期（长度6，时间范围(119.5, 120.0)）
2025-10-15 01:09:35,160 - WARNING - 跳过过短周期（长度5，时间范围(120.3, 120.7)）
2025-10-15 01:09:35,162 - WARNING - 跳过过短周期（长度8，时间范围(122.0, 122.7)）
2025-10-15 01:09:35,163 - WARNING - 跳过过短周期（长度5，时间范围(123.1, 123.5)）
2025-10-15 01:09:35,163 - WARNING - 跳过过短周期（长度6，时间范围(123.7, 124.2)）
2025-10-15 01:09:35,164 - WARNING - 起始波谷后未找到2个波峰，停止分割
2025-10-15 01:09:35,183 - INFO - [SUCCESS] 周期分割完成：共7个有效周期（每个周期：波谷→2个波峰→波谷）
2025-10-15 01:09:35,183 - INFO - [INFO] 开始主导波形识别：7个周期，波形长度200
2025-10-15 01:09:35,183 - INFO - [INFO] 修正聚类数范围：K ∈ [2, 5]（周期数=7）
2025-10-15 01:09:35,186 - INFO - [SUCCESS] 时域物理特征提取完成：7个周期，12个特征
2025-10-15 01:09:35,197 - INFO - [SUCCESS] 融合特征提取完成：shape=(7, 64)（CNN特征+物理特征）
2025-10-15 01:09:36,370 - WARNING - [WARNING] 无占比≥0.7的簇，选择占比最高簇为正常（占比0.57）
2025-10-15 01:09:36,371 - INFO - [INFO] 分类结果：正常周期4个，异常周期3个
2025-10-15 01:09:39,778 - INFO - [SUCCESS] 主导波形识别与正常/异常分类完成！（基于融合特征）
2025-10-15 01:09:40,283 - INFO - [SUCCESS] 总波形正常/异常标注完成！
2025-10-15 01:09:40,284 - INFO - ============================================================
2025-10-15 01:09:40,284 - INFO - 流程完成！最终结果汇总：
2025-10-15 01:09:40,284 - INFO - 1. 周期统计：
2025-10-15 01:09:40,284 - INFO -    - 总周期数：7个
2025-10-15 01:09:40,284 - INFO -    - 正常周期：4个（57.1%）
2025-10-15 01:09:40,285 - INFO -    - 异常周期：3个（42.9%）
2025-10-15 01:09:40,285 - INFO - 2. 关键特征文件：
2025-10-15 01:09:40,285 - INFO -    - 物理特征：dominant_waveform_results\2_extracted_features\physical_features.csv
2025-10-15 01:09:40,285 - INFO -    - 融合特征：dominant_waveform_results\2_extracted_features\fused_features.csv
2025-10-15 01:09:40,285 - INFO - 3. 图表路径：
2025-10-15 01:09:40,285 - INFO -    - 波峰波谷图：dominant_waveform_results\6_visualizations\peaks_valleys_marking.png
2025-10-15 01:09:40,286 - INFO -    - 总波形标注图：dominant_waveform_results\5_total_waveform\total_waveform_annotation.png
2025-10-15 01:09:40,286 - INFO - ============================================================
2025-10-15 01:10:20,926 - INFO - ============================================================
2025-10-15 01:10:20,927 - INFO - 开始波形主导模式识别+正常/异常分类流程（融合特征版）
2025-10-15 01:10:20,927 - INFO - ============================================================
2025-10-15 01:10:20,942 - INFO - [SUCCESS] 加载数据：1059个采样点，时间范围20.00~125.80S
2025-10-15 01:10:21,342 - WARNING - 跳过过短周期（长度8，时间范围(25.4, 26.1)）
2025-10-15 01:10:21,342 - WARNING - 跳过过短周期（长度9，时间范围(35.8, 36.6)）
2025-10-15 01:10:21,358 - WARNING - 跳过过短周期（长度7，时间范围(63.9, 64.5)）
2025-10-15 01:10:21,363 - WARNING - 跳过过短周期（长度9，时间范围(72.0, 72.8)）
2025-10-15 01:10:21,364 - WARNING - 跳过过短周期（长度9，时间范围(74.2, 75.0)）
2025-10-15 01:10:21,367 - WARNING - 跳过过短周期（长度9，时间范围(82.6, 83.4)）
2025-10-15 01:10:21,378 - WARNING - 跳过过短周期（长度9，时间范围(113.3, 114.1)）
2025-10-15 01:10:21,382 - WARNING - 起始波谷后未找到2个波峰，停止分割
2025-10-15 01:10:21,484 - INFO - [SUCCESS] 周期分割完成：共80个有效周期（每个周期：波谷→2个波峰→波谷）
2025-10-15 01:10:21,484 - INFO - [INFO] 开始主导波形识别：80个周期，波形长度200
2025-10-15 01:10:21,484 - INFO - [INFO] 修正聚类数范围：K ∈ [2, 5]（周期数=80）
2025-10-15 01:10:21,491 - INFO - [SUCCESS] 时域物理特征提取完成：80个周期，12个特征
2025-10-15 01:10:21,524 - INFO - [SUCCESS] 融合特征提取完成：shape=(80, 64)（CNN特征+物理特征）
2025-10-15 01:10:22,641 - WARNING - [WARNING] 无占比≥0.7的簇，选择占比最高簇为正常（占比0.59）
2025-10-15 01:10:22,641 - INFO - [INFO] 分类结果：正常周期47个，异常周期33个
2025-10-15 01:10:51,028 - INFO - [SUCCESS] 主导波形识别与正常/异常分类完成！（基于融合特征）
2025-10-15 01:10:52,242 - INFO - [SUCCESS] 总波形正常/异常标注完成！
2025-10-15 01:10:52,242 - INFO - ============================================================
2025-10-15 01:10:52,242 - INFO - 流程完成！最终结果汇总：
2025-10-15 01:10:52,242 - INFO - 1. 周期统计：
2025-10-15 01:10:52,242 - INFO -    - 总周期数：80个
2025-10-15 01:10:52,242 - INFO -    - 正常周期：47个（58.8%）
2025-10-15 01:10:52,242 - INFO -    - 异常周期：33个（41.2%）
2025-10-15 01:10:52,242 - INFO - 2. 关键特征文件：
2025-10-15 01:10:52,242 - INFO -    - 物理特征：dominant_waveform_results\2_extracted_features\physical_features.csv
2025-10-15 01:10:52,242 - INFO -    - 融合特征：dominant_waveform_results\2_extracted_features\fused_features.csv
2025-10-15 01:10:52,242 - INFO - 3. 图表路径：
2025-10-15 01:10:52,242 - INFO -    - 波峰波谷图：dominant_waveform_results\6_visualizations\peaks_valleys_marking.png
2025-10-15 01:10:52,242 - INFO -    - 总波形标注图：dominant_waveform_results\5_total_waveform\total_waveform_annotation.png
2025-10-15 01:10:52,242 - INFO - ============================================================
2025-10-15 01:11:03,069 - INFO - ============================================================
2025-10-15 01:11:03,069 - INFO - 开始波形主导模式识别+正常/异常分类流程（融合特征版）
2025-10-15 01:11:03,069 - INFO - ============================================================
2025-10-15 01:11:03,091 - INFO - [SUCCESS] 加载数据：1059个采样点，时间范围20.00~125.80S
2025-10-15 01:11:03,563 - WARNING - 跳过过短周期（长度8，时间范围(25.4, 26.1)）
2025-10-15 01:11:03,586 - WARNING - 跳过过短周期（长度9，时间范围(99.4, 100.2)）
2025-10-15 01:11:03,603 - WARNING - 起始波谷后未找到2个波峰，停止分割
2025-10-15 01:11:03,713 - INFO - [SUCCESS] 周期分割完成：共68个有效周期（每个周期：波谷→2个波峰→波谷）
2025-10-15 01:11:03,713 - INFO - [INFO] 开始主导波形识别：68个周期，波形长度200
2025-10-15 01:11:03,713 - INFO - [INFO] 修正聚类数范围：K ∈ [2, 5]（周期数=68）
2025-10-15 01:11:03,736 - INFO - [SUCCESS] 时域物理特征提取完成：68个周期，12个特征
2025-10-15 01:11:03,762 - INFO - [SUCCESS] 融合特征提取完成：shape=(68, 64)（CNN特征+物理特征）
2025-10-15 01:11:04,794 - WARNING - [WARNING] 无占比≥0.7的簇，选择占比最高簇为正常（占比0.60）
2025-10-15 01:11:04,794 - INFO - [INFO] 分类结果：正常周期41个，异常周期27个
2025-10-15 01:11:27,848 - INFO - [SUCCESS] 主导波形识别与正常/异常分类完成！（基于融合特征）
2025-10-15 01:11:29,129 - INFO - [SUCCESS] 总波形正常/异常标注完成！
2025-10-15 01:11:29,131 - INFO - ============================================================
2025-10-15 01:11:29,131 - INFO - 流程完成！最终结果汇总：
2025-10-15 01:11:29,131 - INFO - 1. 周期统计：
2025-10-15 01:11:29,131 - INFO -    - 总周期数：68个
2025-10-15 01:11:29,131 - INFO -    - 正常周期：41个（60.3%）
2025-10-15 01:11:29,133 - INFO -    - 异常周期：27个（39.7%）
2025-10-15 01:11:29,133 - INFO - 2. 关键特征文件：
2025-10-15 01:11:29,133 - INFO -    - 物理特征：dominant_waveform_results\2_extracted_features\physical_features.csv
2025-10-15 01:11:29,133 - INFO -    - 融合特征：dominant_waveform_results\2_extracted_features\fused_features.csv
2025-10-15 01:11:29,133 - INFO - 3. 图表路径：
2025-10-15 01:11:29,133 - INFO -    - 波峰波谷图：dominant_waveform_results\6_visualizations\peaks_valleys_marking.png
2025-10-15 01:11:29,133 - INFO -    - 总波形标注图：dominant_waveform_results\5_total_waveform\total_waveform_annotation.png
2025-10-15 01:11:29,133 - INFO - ============================================================
2025-10-15 01:11:43,392 - INFO - ============================================================
2025-10-15 01:11:43,393 - INFO - 开始波形主导模式识别+正常/异常分类流程（融合特征版）
2025-10-15 01:11:43,393 - INFO - ============================================================
2025-10-15 01:11:43,412 - INFO - [SUCCESS] 加载数据：1059个采样点，时间范围20.00~125.80S
2025-10-15 01:11:43,883 - WARNING - 起始波谷后未找到2个波峰，停止分割
2025-10-15 01:11:43,958 - INFO - [SUCCESS] 周期分割完成：共42个有效周期（每个周期：波谷→2个波峰→波谷）
2025-10-15 01:11:43,958 - INFO - [INFO] 开始主导波形识别：42个周期，波形长度200
2025-10-15 01:11:43,958 - INFO - [INFO] 修正聚类数范围：K ∈ [2, 5]（周期数=42）
2025-10-15 01:11:43,976 - INFO - [SUCCESS] 时域物理特征提取完成：42个周期，12个特征
2025-10-15 01:11:44,001 - INFO - [SUCCESS] 融合特征提取完成：shape=(42, 64)（CNN特征+物理特征）
2025-10-15 01:11:44,989 - INFO - [INFO] 分类结果：正常周期41个，异常周期1个
2025-10-15 01:11:59,616 - INFO - [SUCCESS] 主导波形识别与正常/异常分类完成！（基于融合特征）
2025-10-15 01:12:00,444 - INFO - [SUCCESS] 总波形正常/异常标注完成！
2025-10-15 01:12:00,444 - INFO - ============================================================
2025-10-15 01:12:00,444 - INFO - 流程完成！最终结果汇总：
2025-10-15 01:12:00,444 - INFO - 1. 周期统计：
2025-10-15 01:12:00,445 - INFO -    - 总周期数：42个
2025-10-15 01:12:00,445 - INFO -    - 正常周期：41个（97.6%）
2025-10-15 01:12:00,445 - INFO -    - 异常周期：1个（2.4%）
2025-10-15 01:12:00,445 - INFO - 2. 关键特征文件：
2025-10-15 01:12:00,445 - INFO -    - 物理特征：dominant_waveform_results\2_extracted_features\physical_features.csv
2025-10-15 01:12:00,445 - INFO -    - 融合特征：dominant_waveform_results\2_extracted_features\fused_features.csv
2025-10-15 01:12:00,446 - INFO - 3. 图表路径：
2025-10-15 01:12:00,446 - INFO -    - 波峰波谷图：dominant_waveform_results\6_visualizations\peaks_valleys_marking.png
2025-10-15 01:12:00,446 - INFO -    - 总波形标注图：dominant_waveform_results\5_total_waveform\total_waveform_annotation.png
2025-10-15 01:12:00,446 - INFO - ============================================================
2025-10-15 01:12:27,024 - INFO - ============================================================
2025-10-15 01:12:27,024 - INFO - 开始波形主导模式识别+正常/异常分类流程（融合特征版）
2025-10-15 01:12:27,024 - INFO - ============================================================
2025-10-15 01:12:27,053 - INFO - [SUCCESS] 加载数据：1059个采样点，时间范围20.00~125.80S
2025-10-15 01:12:27,522 - WARNING - 跳过过短周期（长度8，时间范围(25.4, 26.1)）
2025-10-15 01:12:27,561 - WARNING - 跳过过短周期（长度9，时间范围(99.4, 100.2)）
2025-10-15 01:12:27,561 - WARNING - 起始波谷后未找到2个波峰，停止分割
2025-10-15 01:12:27,671 - INFO - [SUCCESS] 周期分割完成：共68个有效周期（每个周期：波谷→2个波峰→波谷）
2025-10-15 01:12:27,671 - INFO - [INFO] 开始主导波形识别：68个周期，波形长度200
2025-10-15 01:12:27,671 - INFO - [INFO] 修正聚类数范围：K ∈ [2, 5]（周期数=68）
2025-10-15 01:12:27,697 - INFO - [SUCCESS] 时域物理特征提取完成：68个周期，12个特征
2025-10-15 01:12:27,722 - INFO - [SUCCESS] 融合特征提取完成：shape=(68, 64)（CNN特征+物理特征）
2025-10-15 01:12:28,747 - INFO - [INFO] 分类结果：正常周期49个，异常周期19个
2025-10-15 01:12:55,820 - INFO - [SUCCESS] 主导波形识别与正常/异常分类完成！（基于融合特征）
2025-10-15 01:12:56,947 - INFO - [SUCCESS] 总波形正常/异常标注完成！
2025-10-15 01:12:56,947 - INFO - ============================================================
2025-10-15 01:12:56,947 - INFO - 流程完成！最终结果汇总：
2025-10-15 01:12:56,947 - INFO - 1. 周期统计：
2025-10-15 01:12:56,947 - INFO -    - 总周期数：68个
2025-10-15 01:12:56,947 - INFO -    - 正常周期：49个（72.1%）
2025-10-15 01:12:56,947 - INFO -    - 异常周期：19个（27.9%）
2025-10-15 01:12:56,947 - INFO - 2. 关键特征文件：
2025-10-15 01:12:56,947 - INFO -    - 物理特征：dominant_waveform_results\2_extracted_features\physical_features.csv
2025-10-15 01:12:56,947 - INFO -    - 融合特征：dominant_waveform_results\2_extracted_features\fused_features.csv
2025-10-15 01:12:56,947 - INFO - 3. 图表路径：
2025-10-15 01:12:56,947 - INFO -    - 波峰波谷图：dominant_waveform_results\6_visualizations\peaks_valleys_marking.png
2025-10-15 01:12:56,947 - INFO -    - 总波形标注图：dominant_waveform_results\5_total_waveform\total_waveform_annotation.png
2025-10-15 01:12:56,947 - INFO - ============================================================
2025-10-15 01:14:54,480 - INFO - ============================================================
2025-10-15 01:14:54,480 - INFO - 开始波形主导模式识别+正常/异常分类流程（融合特征版）
2025-10-15 01:14:54,480 - INFO - ============================================================
2025-10-15 01:14:54,517 - INFO - [SUCCESS] 加载数据：1101个采样点，时间范围20.00~130.00S
2025-10-15 01:14:55,064 - WARNING - 起始波谷后未找到2个波峰，停止分割
2025-10-15 01:14:55,128 - INFO - [SUCCESS] 周期分割完成：共47个有效周期（每个周期：波谷→2个波峰→波谷）
2025-10-15 01:14:55,144 - INFO - [INFO] 开始主导波形识别：47个周期，波形长度200
2025-10-15 01:14:55,144 - INFO - [INFO] 修正聚类数范围：K ∈ [2, 5]（周期数=47）
2025-10-15 01:14:55,160 - INFO - [SUCCESS] 时域物理特征提取完成：47个周期，12个特征
2025-10-15 01:14:55,183 - INFO - [SUCCESS] 融合特征提取完成：shape=(47, 64)（CNN特征+物理特征）
2025-10-15 01:14:56,233 - WARNING - [WARNING] 无占比≥0.7的簇，选择占比最高簇为正常（占比0.64）
2025-10-15 01:14:56,235 - INFO - [INFO] 分类结果：正常周期30个，异常周期17个
2025-10-15 01:15:12,765 - INFO - [SUCCESS] 主导波形识别与正常/异常分类完成！（基于融合特征）
2025-10-15 01:15:13,492 - INFO - [SUCCESS] 总波形正常/异常标注完成！
2025-10-15 01:15:13,492 - INFO - ============================================================
2025-10-15 01:15:13,492 - INFO - 流程完成！最终结果汇总：
2025-10-15 01:15:13,492 - INFO - 1. 周期统计：
2025-10-15 01:15:13,492 - INFO -    - 总周期数：47个
2025-10-15 01:15:13,492 - INFO -    - 正常周期：30个（63.8%）
2025-10-15 01:15:13,492 - INFO -    - 异常周期：17个（36.2%）
2025-10-15 01:15:13,508 - INFO - 2. 关键特征文件：
2025-10-15 01:15:13,508 - INFO -    - 物理特征：dominant_waveform_results\2_extracted_features\physical_features.csv
2025-10-15 01:15:13,508 - INFO -    - 融合特征：dominant_waveform_results\2_extracted_features\fused_features.csv
2025-10-15 01:15:13,508 - INFO - 3. 图表路径：
2025-10-15 01:15:13,508 - INFO -    - 波峰波谷图：dominant_waveform_results\6_visualizations\peaks_valleys_marking.png
2025-10-15 01:15:13,508 - INFO -    - 总波形标注图：dominant_waveform_results\5_total_waveform\total_waveform_annotation.png
2025-10-15 01:15:13,508 - INFO - ============================================================
2025-10-15 01:18:32,773 - INFO - ============================================================
2025-10-15 01:18:32,774 - INFO - 开始波形主导模式识别+正常/异常分类流程（融合特征版）
2025-10-15 01:18:32,776 - INFO - ============================================================
2025-10-15 01:18:32,810 - INFO - [SUCCESS] 加载数据：901个采样点，时间范围40.00~130.00S
2025-10-15 01:18:33,415 - WARNING - 起始波谷后未找到2个波峰，停止分割
2025-10-15 01:18:33,479 - INFO - [SUCCESS] 周期分割完成：共28个有效周期（每个周期：波谷→2个波峰→波谷）
2025-10-15 01:18:33,479 - INFO - [INFO] 开始主导波形识别：28个周期，波形长度200
2025-10-15 01:18:33,480 - INFO - [INFO] 修正聚类数范围：K ∈ [2, 5]（周期数=28）
2025-10-15 01:18:33,493 - INFO - [SUCCESS] 时域物理特征提取完成：28个周期，12个特征
2025-10-15 01:18:33,514 - INFO - [SUCCESS] 融合特征提取完成：shape=(28, 64)（CNN特征+物理特征）
2025-10-15 01:18:34,670 - INFO - [INFO] 分类结果：正常周期20个，异常周期8个
2025-10-15 01:18:48,004 - INFO - [SUCCESS] 主导波形识别与正常/异常分类完成！（基于融合特征）
2025-10-15 01:18:48,694 - INFO - [SUCCESS] 总波形正常/异常标注完成！
2025-10-15 01:18:48,694 - INFO - ============================================================
2025-10-15 01:18:48,694 - INFO - 流程完成！最终结果汇总：
2025-10-15 01:18:48,694 - INFO - 1. 周期统计：
2025-10-15 01:18:48,694 - INFO -    - 总周期数：28个
2025-10-15 01:18:48,694 - INFO -    - 正常周期：20个（71.4%）
2025-10-15 01:18:48,694 - INFO -    - 异常周期：8个（28.6%）
2025-10-15 01:18:48,694 - INFO - 2. 关键特征文件：
2025-10-15 01:18:48,694 - INFO -    - 物理特征：dominant_waveform_results\2_extracted_features\physical_features.csv
2025-10-15 01:18:48,694 - INFO -    - 融合特征：dominant_waveform_results\2_extracted_features\fused_features.csv
2025-10-15 01:18:48,694 - INFO - 3. 图表路径：
2025-10-15 01:18:48,694 - INFO -    - 波峰波谷图：dominant_waveform_results\6_visualizations\peaks_valleys_marking.png
2025-10-15 01:18:48,694 - INFO -    - 总波形标注图：dominant_waveform_results\5_total_waveform\total_waveform_annotation.png
2025-10-15 01:18:48,694 - INFO - ============================================================
