2025-10-19 03:48:14,192 - INFO - ============================================================
2025-10-19 03:48:14,192 - INFO - 开始CNN正常波形自动识别流程（优化版）
2025-10-19 03:48:14,192 - INFO - ============================================================
2025-10-19 03:48:14,192 - INFO - 当前可调参数：
2025-10-19 03:48:14,192 - INFO - - 分析时间范围：0.1~180.0s
2025-10-19 03:48:14,192 - INFO - - 周期判定阈值分位数：40%（越小越宽松）
2025-10-19 03:48:14,192 - INFO - - 要求周期内有峰值：False（False=允许平滑周期）
2025-10-19 03:48:14,192 - INFO - - CNN序列长度：平均周期×1.0（最大200个采样点）
2025-10-19 03:48:14,207 - INFO - 预处理完成：1246个采样点（原始1258个，过滤12个）
2025-10-19 03:48:14,207 - INFO - 周期范围估计：0.84s ~ 6.63s（采样间隔：0.1000s）
2025-10-19 03:48:14,501 - INFO - 信号峰值检测：共145个峰值（阈值：-0.000002）
2025-10-19 03:48:14,501 - INFO - 伪标签生成：周期区域占比86.92%（避免<10%导致失衡）
2025-10-19 03:48:14,819 - INFO - CNN序列长度：37个采样点（平均周期：37个采样点）
2025-10-19 03:48:18,352 - INFO - Epoch 5/100 | 平均损失：0.049554（正样本权重：0.15）
2025-10-19 03:48:20,531 - INFO - Epoch 10/100 | 平均损失：0.047166（正样本权重：0.15）
2025-10-19 03:48:22,649 - INFO - Epoch 15/100 | 平均损失：0.043552（正样本权重：0.15）
2025-10-19 03:48:24,710 - INFO - Epoch 20/100 | 平均损失：0.040164（正样本权重：0.15）
2025-10-19 03:48:26,820 - INFO - Epoch 25/100 | 平均损失：0.037612（正样本权重：0.15）
2025-10-19 03:48:28,929 - INFO - Epoch 30/100 | 平均损失：0.035520（正样本权重：0.15）
2025-10-19 03:48:31,065 - INFO - Epoch 35/100 | 平均损失：0.033895（正样本权重：0.15）
2025-10-19 03:48:33,425 - INFO - Epoch 40/100 | 平均损失：0.032594（正样本权重：0.15）
2025-10-19 03:48:35,663 - INFO - Epoch 45/100 | 平均损失：0.031326（正样本权重：0.15）
2025-10-19 03:48:38,129 - INFO - Epoch 50/100 | 平均损失：0.030342（正样本权重：0.15）
2025-10-19 03:48:40,748 - INFO - Epoch 55/100 | 平均损失：0.029642（正样本权重：0.15）
2025-10-19 03:48:43,092 - INFO - Epoch 60/100 | 平均损失：0.028687（正样本权重：0.15）
2025-10-19 03:48:45,240 - INFO - Epoch 65/100 | 平均损失：0.027957（正样本权重：0.15）
2025-10-19 03:48:47,373 - INFO - Epoch 70/100 | 平均损失：0.027418（正样本权重：0.15）
2025-10-19 03:48:49,481 - INFO - Epoch 75/100 | 平均损失：0.026844（正样本权重：0.15）
2025-10-19 03:48:51,550 - INFO - Epoch 80/100 | 平均损失：0.026282（正样本权重：0.15）
2025-10-19 03:48:53,554 - INFO - Epoch 85/100 | 平均损失：0.025616（正样本权重：0.15）
2025-10-19 03:48:55,796 - INFO - Epoch 90/100 | 平均损失：0.025277（正样本权重：0.15）
2025-10-19 03:48:57,932 - INFO - Epoch 95/100 | 平均损失：0.024904（正样本权重：0.15）
2025-10-19 03:49:00,162 - INFO - Epoch 100/100 | 平均损失：0.024473（正样本权重：0.15）
2025-10-19 03:49:00,183 - INFO - CNN模型训练完成
2025-10-19 03:49:00,213 - INFO - 周期判定：预测概率范围[0.000000, 1.000000] | 动态阈值：0.7000
2025-10-19 03:49:00,213 - INFO - 周期长度范围：4 ~ 99个采样点（0.40 ~ 9.90s）
2025-10-19 03:49:00,213 - INFO - 候选周期数量：44个（未过滤前）
2025-10-19 03:49:00,223 - WARNING - 未提取到有效正常周期！建议：1.降低PERIOD_THRESHOLD_PERCENTILE；2.设置CYCLE_PEAK_REQUIRED=False
2025-10-19 03:49:01,981 - INFO - 可视化完成：cnn_normal_waveform_detection\6_visualizations
2025-10-19 03:49:01,996 - INFO - ============================================================
2025-10-19 03:49:01,996 - INFO - 流程完成！最终结果：
2025-10-19 03:49:01,996 - INFO - 1. 有效采样点：1246个
2025-10-19 03:49:01,996 - INFO - 2. 估计周期范围：0.84~6.63s
2025-10-19 03:49:01,997 - INFO - 3. 识别正常周期：0个
2025-10-19 03:49:01,998 - INFO - 4. 结果路径：cnn_normal_waveform_detection
2025-10-19 03:49:01,998 - INFO - ============================================================
